Component: Arm Compiler for Embedded 6.19 Tool: armlink [5e73cb00]

==============================================================================

Section Cross References

    startup_stm32l073xx.o(STACK) refers (Special) to heapauxi.o(.text) for __use_two_region_memory
    startup_stm32l073xx.o(HEAP) refers (Special) to heapauxi.o(.text) for __use_two_region_memory
    startup_stm32l073xx.o(RESET) refers (Special) to heapauxi.o(.text) for __use_two_region_memory
    startup_stm32l073xx.o(RESET) refers to startup_stm32l073xx.o(STACK) for __initial_sp
    startup_stm32l073xx.o(RESET) refers to startup_stm32l073xx.o(.text) for Reset_Handler
    startup_stm32l073xx.o(RESET) refers to stm32l0xx_it.o(.text.NMI_Handler) for NMI_Handler
    startup_stm32l073xx.o(RESET) refers to stm32l0xx_it.o(.text.HardFault_Handler) for HardFault_Handler
    startup_stm32l073xx.o(RESET) refers to stm32l0xx_it.o(.text.SVC_Handler) for SVC_Handler
    startup_stm32l073xx.o(RESET) refers to stm32l0xx_it.o(.text.PendSV_Handler) for PendSV_Handler
    startup_stm32l073xx.o(RESET) refers to stm32l0xx_it.o(.text.SysTick_Handler) for SysTick_Handler
    startup_stm32l073xx.o(RESET) refers to stm32l0xx_it.o(.text.EXTI4_15_IRQHandler) for EXTI4_15_IRQHandler
    startup_stm32l073xx.o(.text) refers (Special) to heapauxi.o(.text) for __use_two_region_memory
    startup_stm32l073xx.o(.text) refers to system_stm32l0xx.o(.text.SystemInit) for SystemInit
    startup_stm32l073xx.o(.text) refers to __main.o(!!!main) for __main
    startup_stm32l073xx.o(.text) refers to startup_stm32l073xx.o(HEAP) for Heap_Mem
    startup_stm32l073xx.o(.text) refers to startup_stm32l073xx.o(STACK) for Stack_Mem
    lcd.o(.text) refers (Special) to _printf_percent.o(.ARM.Collect$$_printf_percent$$00000000) for _printf_percent
    lcd.o(.text) refers (Special) to _printf_d.o(.ARM.Collect$$_printf_percent$$00000009) for _printf_d
    lcd.o(.text) refers (Special) to _printf_dec.o(.text) for _printf_int_dec
    lcd.o(.text.Lcd_create) refers (Special) to _printf_percent.o(.ARM.Collect$$_printf_percent$$00000000) for _printf_percent
    lcd.o(.text.Lcd_create) refers (Special) to _printf_d.o(.ARM.Collect$$_printf_percent$$00000009) for _printf_d
    lcd.o(.text.Lcd_create) refers (Special) to _printf_dec.o(.text) for _printf_int_dec
    lcd.o(.text.Lcd_create) refers to lcd.o(.text.lcd_write_command) for lcd_write_command
    lcd.o(.ARM.exidx.text.Lcd_create) refers (Special) to _printf_percent.o(.ARM.Collect$$_printf_percent$$00000000) for _printf_percent
    lcd.o(.ARM.exidx.text.Lcd_create) refers (Special) to _printf_d.o(.ARM.Collect$$_printf_percent$$00000009) for _printf_d
    lcd.o(.ARM.exidx.text.Lcd_create) refers (Special) to _printf_dec.o(.text) for _printf_int_dec
    lcd.o(.ARM.exidx.text.Lcd_create) refers to lcd.o(.text.Lcd_create) for [Anonymous Symbol]
    lcd.o(.text.Lcd_init) refers (Special) to _printf_percent.o(.ARM.Collect$$_printf_percent$$00000000) for _printf_percent
    lcd.o(.text.Lcd_init) refers (Special) to _printf_d.o(.ARM.Collect$$_printf_percent$$00000009) for _printf_d
    lcd.o(.text.Lcd_init) refers (Special) to _printf_dec.o(.text) for _printf_int_dec
    lcd.o(.text.Lcd_init) refers to lcd.o(.text.lcd_write_command) for lcd_write_command
    lcd.o(.ARM.exidx.text.Lcd_init) refers (Special) to _printf_percent.o(.ARM.Collect$$_printf_percent$$00000000) for _printf_percent
    lcd.o(.ARM.exidx.text.Lcd_init) refers (Special) to _printf_d.o(.ARM.Collect$$_printf_percent$$00000009) for _printf_d
    lcd.o(.ARM.exidx.text.Lcd_init) refers (Special) to _printf_dec.o(.text) for _printf_int_dec
    lcd.o(.ARM.exidx.text.Lcd_init) refers to lcd.o(.text.Lcd_init) for [Anonymous Symbol]
    lcd.o(.text.lcd_write_command) refers (Special) to _printf_percent.o(.ARM.Collect$$_printf_percent$$00000000) for _printf_percent
    lcd.o(.text.lcd_write_command) refers (Special) to _printf_d.o(.ARM.Collect$$_printf_percent$$00000009) for _printf_d
    lcd.o(.text.lcd_write_command) refers (Special) to _printf_dec.o(.text) for _printf_int_dec
    lcd.o(.text.lcd_write_command) refers to stm32l0xx_hal_gpio.o(.text.HAL_GPIO_WritePin) for HAL_GPIO_WritePin
    lcd.o(.text.lcd_write_command) refers to stm32l0xx_hal.o(.text.HAL_Delay) for HAL_Delay
    lcd.o(.ARM.exidx.text.lcd_write_command) refers (Special) to _printf_percent.o(.ARM.Collect$$_printf_percent$$00000000) for _printf_percent
    lcd.o(.ARM.exidx.text.lcd_write_command) refers (Special) to _printf_d.o(.ARM.Collect$$_printf_percent$$00000009) for _printf_d
    lcd.o(.ARM.exidx.text.lcd_write_command) refers (Special) to _printf_dec.o(.text) for _printf_int_dec
    lcd.o(.ARM.exidx.text.lcd_write_command) refers to lcd.o(.text.lcd_write_command) for [Anonymous Symbol]
    lcd.o(.text.Lcd_int) refers (Special) to _printf_percent.o(.ARM.Collect$$_printf_percent$$00000000) for _printf_percent
[...]
    ../clib/printf_percent.s                 0x00000000   Number         0  _printf_percent.o ABSOLUTE
    ../clib/printf_percent.s                 0x00000000   Number         0  _printf_percent_end.o ABSOLUTE
    ../clib/signal.c                         0x00000000   Number         0  defsig_fpe_outer.o ABSOLUTE
    ../clib/signal.c                         0x00000000   Number         0  defsig_fpe_formal.o ABSOLUTE
    ../clib/signal.c                         0x00000000   Number         0  defsig_exit.o ABSOLUTE
    ../clib/signal.c                         0x00000000   Number         0  defsig_fpe_inner.o ABSOLUTE
    ../clib/signal.c                         0x00000000   Number         0  __raise.o ABSOLUTE
    ../clib/signal.c                         0x00000000   Number         0  defsig_general.o ABSOLUTE
    ../clib/signal.c                         0x00000000   Number         0  defsig_rtmem_outer.o ABSOLUTE
    ../clib/signal.c                         0x00000000   Number         0  defsig_rtmem_formal.o ABSOLUTE
    ../clib/signal.c                         0x00000000   Number         0  defsig_abrt_inner.o ABSOLUTE
    ../clib/signal.c                         0x00000000   Number         0  defsig_rtred_inner.o ABSOLUTE
    ../clib/signal.c                         0x00000000   Number         0  defsig_rtmem_inner.o ABSOLUTE
    ../clib/signal.c                         0x00000000   Number         0  defsig_stak_inner.o ABSOLUTE
    ../clib/signal.c                         0x00000000   Number         0  defsig_pvfn_inner.o ABSOLUTE
    ../clib/signal.c                         0x00000000   Number         0  defsig_cppl_inner.o ABSOLUTE
    ../clib/signal.c                         0x00000000   Number         0  defsig_segv_inner.o ABSOLUTE
    ../clib/signal.c                         0x00000000   Number         0  defsig_other.o ABSOLUTE
    ../clib/signal.s                         0x00000000   Number         0  defsig.o ABSOLUTE
    ../clib/stdlib.c                         0x00000000   Number         0  exit.o ABSOLUTE
    ../clib/string.c                         0x00000000   Number         0  strlen.o ABSOLUTE
    ../fplib/cfplib/d2f.c                    0x00000000   Number         0  d2f.o ABSOLUTE
    ../fplib/cfplib/dmul.c                   0x00000000   Number         0  dmul.o ABSOLUTE
    ../fplib/cfplib/f2d.c                    0x00000000   Number         0  f2d.o ABSOLUTE
    ../fplib/cfplib/fdiv.c                   0x00000000   Number         0  fdiv.o ABSOLUTE
    ../fplib/cfplib/ffix.c                   0x00000000   Number         0  ffixi.o ABSOLUTE
    ../fplib/cfplib/fflt.c                   0x00000000   Number         0  fflti.o ABSOLUTE
    ../fplib/cfplib/fpinit.c                 0x00000000   Number         0  fpinit.o ABSOLUTE
    ../fplib/cfplib/ieee_status.c            0x00000000   Number         0  ieee_status.o ABSOLUTE
    ../fplib/faddsub6m.s                     0x00000000   Number         0  faddsub.o ABSOLUTE
    ../fplib/fmul6m.s                        0x00000000   Number         0  fmul.o ABSOLUTE
    ../fplib/printf1.s                       0x00000000   Number         0  printf1.o ABSOLUTE
    ../fplib/usenofp.s                       0x00000000   Number         0  usenofp.o ABSOLUTE
    ../mathlib/fpclassify.c                  0x00000000   Number         0  fpclassify.o ABSOLUTE
    dc.s                                     0x00000000   Number         0  dc.o ABSOLUTE
    lcd.c                                    0x00000000   Number         0  lcd.o ABSOLUTE
    main.c                                   0x00000000   Number         0  main.o ABSOLUTE
    startup_stm32l073xx.s                    0x00000000   Number         0  startup_stm32l073xx.o ABSOLUTE
    stm32l0xx_hal.c                          0x00000000   Number         0  stm32l0xx_hal.o ABSOLUTE
    stm32l0xx_hal_adc.c                      0x00000000   Number         0  stm32l0xx_hal_adc.o ABSOLUTE
    stm32l0xx_hal_adc_ex.c                   0x00000000   Number         0  stm32l0xx_hal_adc_ex.o ABSOLUTE
    stm32l0xx_hal_cortex.c                   0x00000000   Number         0  stm32l0xx_hal_cortex.o ABSOLUTE
    stm32l0xx_hal_dma.c                      0x00000000   Number         0  stm32l0xx_hal_dma.o ABSOLUTE
    stm32l0xx_hal_exti.c                     0x00000000   Number         0  stm32l0xx_hal_exti.o ABSOLUTE
    stm32l0xx_hal_flash.c                    0x00000000   Number         0  stm32l0xx_hal_flash.o ABSOLUTE
    stm32l0xx_hal_flash_ex.c                 0x00000000   Number         0  stm32l0xx_hal_flash_ex.o ABSOLUTE
    stm32l0xx_hal_flash_ramfunc.c            0x00000000   Number         0  stm32l0xx_hal_flash_ramfunc.o ABSOLUTE
    stm32l0xx_hal_gpio.c                     0x00000000   Number         0  stm32l0xx_hal_gpio.o ABSOLUTE
    stm32l0xx_hal_i2c.c                      0x00000000   Number         0  stm32l0xx_hal_i2c.o ABSOLUTE
    stm32l0xx_hal_i2c_ex.c                   0x00000000   Number         0  stm32l0xx_hal_i2c_ex.o ABSOLUTE
    stm32l0xx_hal_msp.c                      0x00000000   Number         0  stm32l0xx_hal_msp.o ABSOLUTE
    stm32l0xx_hal_pwr.c                      0x00000000   Number         0  stm32l0xx_hal_pwr.o ABSOLUTE
    stm32l0xx_hal_pwr_ex.c                   0x00000000   Number         0  stm32l0xx_hal_pwr_ex.o ABSOLUTE
    stm32l0xx_hal_rcc.c                      0x00000000   Number         0  stm32l0xx_hal_rcc.o ABSOLUTE
    stm32l0xx_hal_rcc_ex.c                   0x00000000   Number         0  stm32l0xx_hal_rcc_ex.o ABSOLUTE
    stm32l0xx_hal_tim.c                      0x00000000   Number         0  stm32l0xx_hal_tim.o ABSOLUTE
    stm32l0xx_hal_tim_ex.c                   0x00000000   Number         0  stm32l0xx_hal_tim_ex.o ABSOLUTE
    stm32l0xx_hal_uart.c                     0x00000000   Number         0  stm32l0xx_hal_uart.o ABSOLUTE
    stm32l0xx_hal_uart_ex.c                  0x00000000   Number         0  stm32l0xx_hal_uart_ex.o ABSOLUTE
    stm32l0xx_it.c                           0x00000000   Number         0  stm32l0xx_it.o ABSOLUTE
    system_stm32l0xx.c                       0x00000000   Number         0  system_stm32l0xx.o ABSOLUTE
    RESET                                    0x08000000   Section      192  startup_stm32l073xx.o(RESET)
    !!!main                                  0x080000c0   Section        8  __main.o(!!!main)
    !!!scatter                               0x080000c8   Section       60  __scatter.o(!!!scatter)
    !!handler_copy                           0x08000104   Section       26  __scatter_copy.o(!!handler_copy)
    !!handler_zi                             0x08000120   Section       28  __scatter_zi.o(!!handler_zi)
    .ARM.Collect$$_printf_percent$$00000000  0x0800013c   Section        2  _printf_percent.o(.ARM.Collect$$_printf_percent$$00000000)
    .ARM.Collect$$_printf_percent$$00000003  0x0800013e   Section       10  _printf_f.o(.ARM.Collect$$_printf_percent$$00000003)
    .ARM.Collect$$_printf_percent$$00000009  0x08000148   Section       10  _printf_d.o(.ARM.Collect$$_printf_percent$$00000009)
    .ARM.Collect$$_printf_percent$$00000017  0x08000152   Section        4  _printf_percent_end.o(.ARM.Collect$$_printf_percent$$00000017)
    .ARM.Collect$$libinit$$00000000          0x08000156   Section        2  libinit.o(.ARM.Collect$$libinit$$00000000)
    .ARM.Collect$$libinit$$00000002          0x08000158   Section        0  libinit2.o(.ARM.Collect$$libinit$$00000002)
    .ARM.Collect$$libinit$$00000004          0x08000158   Section        0  libinit2.o(.ARM.Collect$$libinit$$00000004)
    .ARM.Collect$$libinit$$00000006          0x08000158   Section        0  libinit2.o(.ARM.Collect$$libinit$$00000006)
    .ARM.Collect$$libinit$$0000000C          0x08000158   Section        0  libinit2.o(.ARM.Collect$$libinit$$0000000C)
    .ARM.Collect$$libinit$$0000000E          0x08000158   Section        0  libinit2.o(.ARM.Collect$$libinit$$0000000E)
    .ARM.Collect$$libinit$$00000010          0x08000158   Section        0  libinit2.o(.ARM.Collect$$libinit$$00000010)
    .ARM.Collect$$libinit$$00000011          0x08000158   Section        6  libinit2.o(.ARM.Collect$$libinit$$00000011)
    .ARM.Collect$$libinit$$00000013          0x0800015e   Section        0  libinit2.o(.ARM.Collect$$libinit$$00000013)
    .ARM.Collect$$libinit$$00000015          0x0800015e   Section        0  libinit2.o(.ARM.Collect$$libinit$$00000015)
    .ARM.Collect$$libinit$$00000017          0x0800015e   Section        0  libinit2.o(.ARM.Collect$$libinit$$00000017)
    .ARM.Collect$$libinit$$00000018          0x0800015e   Section       10  libinit2.o(.ARM.Collect$$libinit$$00000018)
    .ARM.Collect$$libinit$$00000019          0x08000168   Section        0  libinit2.o(.ARM.Collect$$libinit$$00000019)
    .ARM.Collect$$libinit$$0000001B          0x08000168   Section        0  libinit2.o(.ARM.Collect$$libinit$$0000001B)
    .ARM.Collect$$libinit$$0000001D          0x08000168   Section        0  libinit2.o(.ARM.Collect$$libinit$$0000001D)
    .ARM.Collect$$libinit$$0000001F          0x08000168   Section        0  libinit2.o(.ARM.Collect$$libinit$$0000001F)
    .ARM.Collect$$libinit$$00000021          0x08000168   Section        0  libinit2.o(.ARM.Collect$$libinit$$00000021)
    .ARM.Collect$$libinit$$00000023          0x08000168   Section        0  libinit2.o(.ARM.Collect$$libinit$$00000023)
    .ARM.Collect$$libinit$$00000025          0x08000168   Section        0  libinit2.o(.ARM.Collect$$libinit$$00000025)
    .ARM.Collect$$libinit$$00000027          0x08000168   Section        0  libinit2.o(.ARM.Collect$$libinit$$00000027)
    .ARM.Collect$$libinit$$0000002E          0x08000168   Section        0  libinit2.o(.ARM.Collect$$libinit$$0000002E)
    .ARM.Collect$$libinit$$00000030          0x08000168   Section        0  libinit2.o(.ARM.Collect$$libinit$$00000030)
    .ARM.Collect$$libinit$$00000032          0x08000168   Section        0  libinit2.o(.ARM.Collect$$libinit$$00000032)
    .ARM.Collect$$libinit$$00000034          0x08000168   Section        0  libinit2.o(.ARM.Collect$$libinit$$00000034)
    .ARM.Collect$$libinit$$00000035          0x08000168   Section        2  libinit2.o(.ARM.Collect$$libinit$$00000035)
    .ARM.Collect$$libshutdown$$00000000      0x0800016a   Section        2  libshutdown.o(.ARM.Collect$$libshutdown$$00000000)
    .ARM.Collect$$libshutdown$$00000002      0x0800016c   Section        0  libshutdown2.o(.ARM.Collect$$libshutdown$$00000002)
    .ARM.Collect$$libshutdown$$00000004      0x0800016c   Section        0  libshutdown2.o(.ARM.Collect$$libshutdown$$00000004)
    .ARM.Collect$$libshutdown$$00000007      0x0800016c   Section        0  libshutdown2.o(.ARM.Collect$$libshutdown$$00000007)
    .ARM.Collect$$libshutdown$$0000000A      0x0800016c   Section        0  libshutdown2.o(.ARM.Collect$$libshutdown$$0000000A)
    .ARM.Collect$$libshutdown$$0000000C      0x0800016c   Section        0  libshutdown2.o(.ARM.Collect$$libshutdown$$0000000C)
    .ARM.Collect$$libshutdown$$0000000F      0x0800016c   Section        0  libshutdown2.o(.ARM.Collect$$libshutdown$$0000000F)
    .ARM.Collect$$libshutdown$$00000010      0x0800016c   Section        2  libshutdown2.o(.ARM.Collect$$libshutdown$$00000010)
    .ARM.Collect$$rtentry$$00000000          0x0800016e   Section        0  __rtentry.o(.ARM.Collect$$rtentry$$00000000)
    .ARM.Collect$$rtentry$$00000002          0x0800016e   Section        0  __rtentry2.o(.ARM.Collect$$rtentry$$00000002)
    .ARM.Collect$$rtentry$$00000004          0x0800016e   Section        6  __rtentry4.o(.ARM.Collect$$rtentry$$00000004)
    .ARM.Collect$$rtentry$$00000009          0x08000174   Section        0  __rtentry2.o(.ARM.Collect$$rtentry$$00000009)
    .ARM.Collect$$rtentry$$0000000A          0x08000174   Section        4  __rtentry2.o(.ARM.Collect$$rtentry$$0000000A)
    .ARM.Collect$$rtentry$$0000000C          0x08000178   Section        0  __rtentry2.o(.ARM.Collect$$rtentry$$0000000C)
    .ARM.Collect$$rtentry$$0000000D          0x08000178   Section        8  __rtentry2.o(.ARM.Collect$$rtentry$$0000000D)
    .ARM.Collect$$rtexit$$00000000           0x08000180   Section        2  rtexit.o(.ARM.Collect$$rtexit$$00000000)
    .ARM.Collect$$rtexit$$00000002           0x08000182   Section        0  rtexit2.o(.ARM.Collect$$rtexit$$00000002)
    .ARM.Collect$$rtexit$$00000003           0x08000182   Section        4  rtexit2.o(.ARM.Collect$$rtexit$$00000003)
    .ARM.Collect$$rtexit$$00000004           0x08000186   Section        6  rtexit2.o(.ARM.Collect$$rtexit$$00000004)
    .text                                    0x0800018c   Section       56  startup_stm32l073xx.o(.text)
    .text                                    0x080001c4   Section        0  lludiv.o(.text)
    .text                                    0x080002d4   Section        0  noretval__2sprintf.o(.text)
    .text                                    0x080002fc   Section        0  __printf.o(.text)
    .text                                    0x08000368   Section        0  _printf_dec.o(.text)
    .text                                    0x080003d4   Section        0  strlen.o(.text)
    .text                                    0x08000418   Section        0  rt_memclr.o(.text)
    .text                                    0x08000458   Section      504  aeabi_sdivfast.o(.text)
    .text                                    0x08000650   Section        0  heapauxi.o(.text)
    .text                                    0x08000658   Section        0  d2f.o(.text)
    .text                                    0x080006d4   Section        0  dmul.o(.text)
    .text                                    0x0800091c   Section        0  f2d.o(.text)
    .text                                    0x08000970   Section        0  fdiv.o(.text)
    .text                                    0x08000ad0   Section        0  ffixi.o(.text)
    .text                                    0x08000b1c   Section        0  fflti.o(.text)
    .text                                    0x08000b7a   Section        0  _printf_intcommon.o(.text)
    _fp_digits                               0x08000c2d   Thumb Code   412  _printf_fp_dec.o(.text)
    .text                                    0x08000c2c   Section        0  _printf_fp_dec.o(.text)
    _printf_input_char                       0x08001041   Thumb Code    10  _printf_char_common.o(.text)
    .text                                    0x08001040   Section        0  _printf_char_common.o(.text)
    .text                                    0x08001070   Section        0  _sputc.o(.text)
    .text                                    0x0800107a   Section        0  rtudiv10.o(.text)
    .text                                    0x080010a4   Section        8  rt_locale_intlibspace.o(.text)
    .text                                    0x080010ac   Section        0  lludiv10.o(.text)
    .text                                    0x08001128   Section        0  _printf_fp_infnan.o(.text)
    .text                                    0x080011b0   Section        0  bigflt0.o(.text)
    .text                                    0x08001288   Section        0  btod.o(.text)
    btod_internal_mul                        0x080012c9   Thumb Code   492  btod.o(.text)
    btod_internal_div                        0x080014b5   Thumb Code   520  btod.o(.text)
    .text                                    0x08001808   Section        8  libspace.o(.text)
    .text                                    0x08001810   Section       62  sys_stackheap_outer.o(.text)
    .text                                    0x0800184e   Section        0  exit.o(.text)
    .text                                    0x08001860   Section      176  strcmpv6m.o(.text)
    .text                                    0x08001910   Section        0  sys_exit.o(.text)
    .text                                    0x0800191c   Section        2  use_no_semi.o(.text)
    .text                                    0x0800191e   Section        0  indicate_semi.o(.text)
    ADC_Enable                               0x08001921   Thumb Code   176  stm32l0xx_hal_adc.o(.text.ADC_Enable)
    [Anonymous Symbol]                       0x08001920   Section        0  stm32l0xx_hal_adc.o(.text.ADC_Enable)
    __arm_cp.5_0                             0x080019d0   Number         4  stm32l0xx_hal_adc.o(.text.ADC_Enable)
    [Anonymous Symbol]                       0x080019d4   Section        0  stm32l0xx_it.o(.text.EXTI4_15_IRQHandler)
    [Anonymous Symbol]                       0x080019e0   Section        0  stm32l0xx_hal_adc.o(.text.HAL_ADC_ConfigChannel)
    __arm_cp.22_0                            0x08001adc   Number         4  stm32l0xx_hal_adc.o(.text.HAL_ADC_ConfigChannel)
    __arm_cp.22_2                            0x08001ae0   Number         4  stm32l0xx_hal_adc.o(.text.HAL_ADC_ConfigChannel)
    __arm_cp.22_3                            0x08001ae4   Number         4  stm32l0xx_hal_adc.o(.text.HAL_ADC_ConfigChannel)
    __arm_cp.22_4                            0x08001ae8   Number         4  stm32l0xx_hal_adc.o(.text.HAL_ADC_ConfigChannel)
    [Anonymous Symbol]                       0x08001aec   Section        0  stm32l0xx_hal_adc.o(.text.HAL_ADC_GetValue)
    [Anonymous Symbol]                       0x08001af4   Section        0  stm32l0xx_hal_adc.o(.text.HAL_ADC_Init)
    __arm_cp.0_0                             0x08001cac   Number         4  stm32l0xx_hal_adc.o(.text.HAL_ADC_Init)
    __arm_cp.0_1                             0x08001cb0   Number         4  stm32l0xx_hal_adc.o(.text.HAL_ADC_Init)
    [Anonymous Symbol]                       0x08001cb4   Section        0  stm32l0xx_hal_msp.o(.text.HAL_ADC_MspInit)
    __arm_cp.1_0                             0x08001cfc   Number         4  stm32l0xx_hal_msp.o(.text.HAL_ADC_MspInit)
    __arm_cp.1_1                             0x08001d00   Number         4  stm32l0xx_hal_msp.o(.text.HAL_ADC_MspInit)
    [Anonymous Symbol]                       0x08001d04   Section        0  stm32l0xx_hal_adc.o(.text.HAL_ADC_PollForConversion)
    [Anonymous Symbol]                       0x08001e2c   Section        0  stm32l0xx_hal_adc.o(.text.HAL_ADC_Start)
    __arm_cp.4_0                             0x08001e80   Number         4  stm32l0xx_hal_adc.o(.text.HAL_ADC_Start)
    [Anonymous Symbol]                       0x08001e84   Section        0  stm32l0xx_hal.o(.text.HAL_Delay)
    [Anonymous Symbol]                       0x08001ea4   Section        0  main.o(.text.HAL_GPIO_EXTI_Callback)
    __arm_cp.0_0                             0x08001edc   Number         4  main.o(.text.HAL_GPIO_EXTI_Callback)
    __arm_cp.0_1                             0x08001ee0   Number         4  main.o(.text.HAL_GPIO_EXTI_Callback)
    [Anonymous Symbol]                       0x08001ee4   Section        0  stm32l0xx_hal_gpio.o(.text.HAL_GPIO_EXTI_IRQHandler)
    __arm_cp.6_0                             0x08001ef8   Number         4  stm32l0xx_hal_gpio.o(.text.HAL_GPIO_EXTI_IRQHandler)
    [Anonymous Symbol]                       0x08001efc   Section        0  stm32l0xx_hal_gpio.o(.text.HAL_GPIO_Init)
    __arm_cp.0_0                             0x08002080   Number         4  stm32l0xx_hal_gpio.o(.text.HAL_GPIO_Init)
    __arm_cp.0_1                             0x08002084   Number         4  stm32l0xx_hal_gpio.o(.text.HAL_GPIO_Init)
    __arm_cp.0_3                             0x08002088   Number         4  stm32l0xx_hal_gpio.o(.text.HAL_GPIO_Init)
    [Anonymous Symbol]                       0x0800208c   Section        0  stm32l0xx_hal_gpio.o(.text.HAL_GPIO_WritePin)
    [Anonymous Symbol]                       0x0800209c   Section        0  stm32l0xx_hal.o(.text.HAL_GetTick)
    [Anonymous Symbol]                       0x080020a4   Section        0  stm32l0xx_hal.o(.text.HAL_IncTick)
    __arm_cp.5_1                             0x080020b4   Number         4  stm32l0xx_hal.o(.text.HAL_IncTick)
    [Anonymous Symbol]                       0x080020b8   Section        0  stm32l0xx_hal.o(.text.HAL_Init)
    __arm_cp.0_0                             0x080020dc   Number         4  stm32l0xx_hal.o(.text.HAL_Init)
    [Anonymous Symbol]                       0x080020e0   Section        0  stm32l0xx_hal.o(.text.HAL_InitTick)
    __arm_cp.1_0                             0x0800211c   Number         4  stm32l0xx_hal.o(.text.HAL_InitTick)
    __arm_cp.1_1                             0x08002120   Number         4  stm32l0xx_hal.o(.text.HAL_InitTick)
    [Anonymous Symbol]                       0x08002124   Section        0  stm32l0xx_hal_msp.o(.text.HAL_MspInit)
    __arm_cp.0_0                             0x08002138   Number         4  stm32l0xx_hal_msp.o(.text.HAL_MspInit)
    [Anonymous Symbol]                       0x0800213c   Section        0  stm32l0xx_hal_cortex.o(.text.HAL_NVIC_EnableIRQ)
    __arm_cp.1_0                             0x08002150   Number         4  stm32l0xx_hal_cortex.o(.text.HAL_NVIC_EnableIRQ)
    [Anonymous Symbol]                       0x08002154   Section        0  stm32l0xx_hal_cortex.o(.text.HAL_NVIC_SetPriority)
    __arm_cp.0_0                             0x08002184   Number         4  stm32l0xx_hal_cortex.o(.text.HAL_NVIC_SetPriority)
    __arm_cp.0_1                             0x08002188   Number         4  stm32l0xx_hal_cortex.o(.text.HAL_NVIC_SetPriority)
    [Anonymous Symbol]                       0x0800218c   Section        0  stm32l0xx_hal_rcc_ex.o(.text.HAL_RCCEx_PeriphCLKConfig)
    __arm_cp.0_0                             0x080023c0   Number         4  stm32l0xx_hal_rcc_ex.o(.text.HAL_RCCEx_PeriphCLKConfig)
    __arm_cp.0_1                             0x080023c4   Number         4  stm32l0xx_hal_rcc_ex.o(.text.HAL_RCCEx_PeriphCLKConfig)
    [Anonymous Symbol]                       0x080023c8   Section        0  stm32l0xx_hal_rcc.o(.text.HAL_RCC_ClockConfig)
    __arm_cp.3_0                             0x080025e0   Number         4  stm32l0xx_hal_rcc.o(.text.HAL_RCC_ClockConfig)
    __arm_cp.3_1                             0x080025e4   Number         4  stm32l0xx_hal_rcc.o(.text.HAL_RCC_ClockConfig)
    __arm_cp.3_7                             0x080025e8   Number         4  stm32l0xx_hal_rcc.o(.text.HAL_RCC_ClockConfig)
    __arm_cp.3_9                             0x080025ec   Number         4  stm32l0xx_hal_rcc.o(.text.HAL_RCC_ClockConfig)
    [Anonymous Symbol]                       0x080025f0   Section        0  stm32l0xx_hal_rcc.o(.text.HAL_RCC_GetPCLK1Freq)
    [Anonymous Symbol]                       0x08002604   Section        0  stm32l0xx_hal_rcc.o(.text.HAL_RCC_GetPCLK2Freq)
    __arm_cp.8_0                             0x08002618   Number         4  stm32l0xx_hal_rcc.o(.text.HAL_RCC_GetPCLK2Freq)
    __arm_cp.8_1                             0x0800261c   Number         4  stm32l0xx_hal_rcc.o(.text.HAL_RCC_GetPCLK2Freq)
    __arm_cp.8_2                             0x08002620   Number         4  stm32l0xx_hal_rcc.o(.text.HAL_RCC_GetPCLK2Freq)
    [Anonymous Symbol]                       0x08002624   Section        0  stm32l0xx_hal_rcc.o(.text.HAL_RCC_GetSysClockFreq)
    __arm_cp.2_1                             0x08002688   Number         4  stm32l0xx_hal_rcc.o(.text.HAL_RCC_GetSysClockFreq)
    __arm_cp.2_2                             0x0800268c   Number         4  stm32l0xx_hal_rcc.o(.text.HAL_RCC_GetSysClockFreq)
    __arm_cp.2_3                             0x08002690   Number         4  stm32l0xx_hal_rcc.o(.text.HAL_RCC_GetSysClockFreq)
    __arm_cp.2_4                             0x08002694   Number         4  stm32l0xx_hal_rcc.o(.text.HAL_RCC_GetSysClockFreq)
    [Anonymous Symbol]                       0x08002698   Section        0  stm32l0xx_hal_rcc.o(.text.HAL_RCC_OscConfig)
    __arm_cp.1_13                            0x08002834   Number         4  stm32l0xx_hal_rcc.o(.text.HAL_RCC_OscConfig)
    __arm_cp.1_1                             0x08002c00   Number         4  stm32l0xx_hal_rcc.o(.text.HAL_RCC_OscConfig)
    __arm_cp.1_2                             0x08002c04   Number         4  stm32l0xx_hal_rcc.o(.text.HAL_RCC_OscConfig)
    __arm_cp.1_3                             0x08002c08   Number         4  stm32l0xx_hal_rcc.o(.text.HAL_RCC_OscConfig)
    __arm_cp.1_4                             0x08002c0c   Number         4  stm32l0xx_hal_rcc.o(.text.HAL_RCC_OscConfig)
    __arm_cp.1_5                             0x08002c10   Number         4  stm32l0xx_hal_rcc.o(.text.HAL_RCC_OscConfig)
    __arm_cp.1_6                             0x08002c14   Number         4  stm32l0xx_hal_rcc.o(.text.HAL_RCC_OscConfig)
    __arm_cp.1_7                             0x08002c18   Number         4  stm32l0xx_hal_rcc.o(.text.HAL_RCC_OscConfig)
    __arm_cp.1_8                             0x08002c1c   Number         4  stm32l0xx_hal_rcc.o(.text.HAL_RCC_OscConfig)
    __arm_cp.1_9                             0x08002c20   Number         4  stm32l0xx_hal_rcc.o(.text.HAL_RCC_OscConfig)
    __arm_cp.1_10                            0x08002c24   Number         4  stm32l0xx_hal_rcc.o(.text.HAL_RCC_OscConfig)
    [Anonymous Symbol]                       0x08002c28   Section        0  stm32l0xx_hal_cortex.o(.text.HAL_SYSTICK_Config)
    __arm_cp.4_0                             0x08002c50   Number         4  stm32l0xx_hal_cortex.o(.text.HAL_SYSTICK_Config)
    __arm_cp.4_1                             0x08002c54   Number         4  stm32l0xx_hal_cortex.o(.text.HAL_SYSTICK_Config)
    __arm_cp.4_2                             0x08002c58   Number         4  stm32l0xx_hal_cortex.o(.text.HAL_SYSTICK_Config)
    [Anonymous Symbol]                       0x08002c5c   Section        0  stm32l0xx_hal_uart.o(.text.HAL_UART_Init)
    [Anonymous Symbol]                       0x08002cc8   Section        0  stm32l0xx_hal_msp.o(.text.HAL_UART_MspInit)
    __arm_cp.3_0                             0x08002d14   Number         4  stm32l0xx_hal_msp.o(.text.HAL_UART_MspInit)
    __arm_cp.3_1                             0x08002d18   Number         4  stm32l0xx_hal_msp.o(.text.HAL_UART_MspInit)
    [Anonymous Symbol]                       0x08002d1c   Section        0  stm32l0xx_hal_uart.o(.text.HAL_UART_Transmit)
    __arm_cp.10_0                            0x08002df0   Number         4  stm32l0xx_hal_uart.o(.text.HAL_UART_Transmit)
    [Anonymous Symbol]                       0x08002df4   Section        0  stm32l0xx_it.o(.text.HardFault_Handler)
    [Anonymous Symbol]                       0x08002df6   Section        0  lcd.o(.text.Lcd_clear)
    [Anonymous Symbol]                       0x08002e00   Section        0  lcd.o(.text.Lcd_create)
    [Anonymous Symbol]                       0x08002e54   Section        0  lcd.o(.text.Lcd_cursor)
    __arm_cp.6_0                             0x08002e68   Number         4  lcd.o(.text.Lcd_cursor)
    [Anonymous Symbol]                       0x08002e6c   Section        0  lcd.o(.text.Lcd_int)
    [Anonymous Symbol]                       0x08002ea8   Section        0  lcd.o(.text.Lcd_string)
    [Anonymous Symbol]                       0x08002ed4   Section        0  stm32l0xx_it.o(.text.NMI_Handler)
    [Anonymous Symbol]                       0x08002ed6   Section        0  stm32l0xx_it.o(.text.PendSV_Handler)
    [Anonymous Symbol]                       0x08002ed8   Section        0  stm32l0xx_it.o(.text.SVC_Handler)
    [Anonymous Symbol]                       0x08002eda   Section        0  stm32l0xx_it.o(.text.SysTick_Handler)
    [Anonymous Symbol]                       0x08002ee2   Section        0  system_stm32l0xx.o(.text.SystemInit)
    [Anonymous Symbol]                       0x08002ee4   Section        0  stm32l0xx_hal_uart.o(.text.UART_AdvFeatureConfig)
    [Anonymous Symbol]                       0x08002fb8   Section        0  stm32l0xx_hal_uart.o(.text.UART_CheckIdleState)
    __arm_cp.4_0                             0x08003078   Number         4  stm32l0xx_hal_uart.o(.text.UART_CheckIdleState)
    [Anonymous Symbol]                       0x0800307c   Section        0  stm32l0xx_hal_uart.o(.text.UART_SetConfig)
    __arm_cp.2_0                             0x08003268   Number         4  stm32l0xx_hal_uart.o(.text.UART_SetConfig)
    __arm_cp.2_1                             0x0800326c   Number         4  stm32l0xx_hal_uart.o(.text.UART_SetConfig)
    __arm_cp.2_2                             0x08003270   Number         4  stm32l0xx_hal_uart.o(.text.UART_SetConfig)
    __arm_cp.2_3                             0x08003274   Number         4  stm32l0xx_hal_uart.o(.text.UART_SetConfig)
    __arm_cp.2_4                             0x08003278   Number         4  stm32l0xx_hal_uart.o(.text.UART_SetConfig)
    __arm_cp.2_5                             0x0800327c   Number         4  stm32l0xx_hal_uart.o(.text.UART_SetConfig)
    __arm_cp.2_6                             0x08003280   Number         4  stm32l0xx_hal_uart.o(.text.UART_SetConfig)
    __arm_cp.2_7                             0x08003284   Number         4  stm32l0xx_hal_uart.o(.text.UART_SetConfig)
    __arm_cp.2_8                             0x08003288   Number         4  stm32l0xx_hal_uart.o(.text.UART_SetConfig)
    __arm_cp.2_10                            0x0800329c   Number         4  stm32l0xx_hal_uart.o(.text.UART_SetConfig)
    __arm_cp.2_11                            0x080032a0   Number         4  stm32l0xx_hal_uart.o(.text.UART_SetConfig)
    __arm_cp.2_12                            0x080032a4   Number         4  stm32l0xx_hal_uart.o(.text.UART_SetConfig)
    __arm_cp.2_13                            0x080032a8   Number         4  stm32l0xx_hal_uart.o(.text.UART_SetConfig)
    __arm_cp.2_14                            0x080032ac   Number         4  stm32l0xx_hal_uart.o(.text.UART_SetConfig)
    [Anonymous Symbol]                       0x080032b0   Section        0  stm32l0xx_hal_uart.o(.text.UART_WaitOnFlagUntilTimeout)
    lcd_write_command                        0x08003453   Thumb Code   346  lcd.o(.text.lcd_write_command)
    [Anonymous Symbol]                       0x08003452   Section        0  lcd.o(.text.lcd_write_command)
    lcd_write_data                           0x080035ad   Thumb Code   346  lcd.o(.text.lcd_write_data)
    [Anonymous Symbol]                       0x080035ac   Section        0  lcd.o(.text.lcd_write_data)
    [Anonymous Symbol]                       0x08003708   Section        0  main.o(.text.main)
    __arm_cp.5_28                            0x080039d8   Number         4  main.o(.text.main)
    __arm_cp.5_29                            0x080039dc   Number         4  main.o(.text.main)
    __arm_cp.5_30                            0x080039e0   Number         4  main.o(.text.main)
    __arm_cp.5_33                            0x080039ec   Number         4  main.o(.text.main)
    __arm_cp.5_0                             0x08003c4c   Number         4  main.o(.text.main)
    __arm_cp.5_4                             0x08003c50   Number         4  main.o(.text.main)
    __arm_cp.5_5                             0x08003c54   Number         4  main.o(.text.main)
    __arm_cp.5_7                             0x08003c58   Number         4  main.o(.text.main)
    __arm_cp.5_8                             0x08003c5c   Number         4  main.o(.text.main)
    __arm_cp.5_9                             0x08003c60   Number         4  main.o(.text.main)
    __arm_cp.5_10                            0x08003c64   Number         4  main.o(.text.main)
    __arm_cp.5_11                            0x08003c68   Number         4  main.o(.text.main)
    __arm_cp.5_12                            0x08003c6c   Number         4  main.o(.text.main)
    __arm_cp.5_13                            0x08003c70   Number         4  main.o(.text.main)
    __arm_cp.5_14                            0x08003c74   Number         4  main.o(.text.main)
    __arm_cp.5_18                            0x08003c78   Number         4  main.o(.text.main)
    __arm_cp.5_19                            0x08003c7c   Number         4  main.o(.text.main)
    __arm_cp.5_20                            0x08003c80   Number         4  main.o(.text.main)
    __arm_cp.5_21                            0x08003c84   Number         4  main.o(.text.main)
    __arm_cp.5_22                            0x08003c88   Number         4  main.o(.text.main)
    __arm_cp.5_23                            0x08003c8c   Number         4  main.o(.text.main)
    __arm_cp.5_24                            0x08003c90   Number         4  main.o(.text.main)
    __arm_cp.5_25                            0x08003c94   Number         4  main.o(.text.main)
    [Anonymous Symbol]                       0x08003c98   Section        0  main.o(.text.vidurkis)
    __arm_cp.4_0                             0x08003e20   Number         4  main.o(.text.vidurkis)
    __arm_cp.4_1                             0x08003e24   Number         4  main.o(.text.vidurkis)
    __arm_cp.4_2                             0x08003e28   Number         4  main.o(.text.vidurkis)
    __arm_cp.4_3                             0x08003e2c   Number         4  main.o(.text.vidurkis)
    __arm_cp.4_4                             0x08003e30   Number         4  main.o(.text.vidurkis)
    __arm_cp.4_5                             0x08003e34   Number         4  main.o(.text.vidurkis)
    __arm_cp.4_7                             0x08003e44   Number         4  main.o(.text.vidurkis)
    __arm_cp.4_8                             0x08003e48   Number         4  main.o(.text.vidurkis)
    __arm_cp.4_9                             0x08003e4c   Number         4  main.o(.text.vidurkis)
    __arm_cp.4_10                            0x08003e50   Number         4  main.o(.text.vidurkis)
    __arm_cp.4_12                            0x08003e64   Number         4  main.o(.text.vidurkis)
    .text_divfast                            0x08003e68   Section      502  aeabi_sdivfast.o(.text_divfast)
    i.__ARM_common_ll_muluu                  0x0800405e   Section        0  btod.o(i.__ARM_common_ll_muluu)
    i.__ARM_fpclassify                       0x08004090   Section        0  fpclassify.o(i.__ARM_fpclassify)
    locale$$code                             0x080040bc   Section       44  lc_numeric_c.o(locale$$code)
    x$fpl$fadd                               0x080040e8   Section      140  faddsub.o(x$fpl$fadd)
    _fadd1                                   0x080040f5   Thumb Code     0  faddsub.o(x$fpl$fadd)
    x$fpl$fmul                               0x08004174   Section      176  fmul.o(x$fpl$fmul)
    x$fpl$fsub                               0x08004224   Section      208  faddsub.o(x$fpl$fsub)
    _fsub1                                   0x08004231   Thumb Code     0  faddsub.o(x$fpl$fsub)
    x$fpl$printf1                            0x080042f4   Section       16  printf1.o(x$fpl$printf1)
    fdiv_tab                                 0x08004304   Data          64  fdiv.o(.constdata)
    .constdata                               0x08004304   Section       64  fdiv.o(.constdata)
    x$fpl$usenofp                            0x08004304   Section        0  usenofp.o(x$fpl$usenofp)
    tenpwrs_x                                0x08004344   Data          60  bigflt0.o(.constdata)
    .constdata                               0x08004344   Section      148  bigflt0.o(.constdata)
    tenpwrs_i                                0x08004380   Data          64  bigflt0.o(.constdata)
    [Anonymous Symbol]                       0x08004400   Section        0  stm32l0xx_hal_uart.o(.rodata.cst16)
    [Anonymous Symbol]                       0x08004410   Section        0  main.o(.rodata.str1.1)
    locale$$data                             0x08004488   Section       28  lc_numeric_c.o(locale$$data)
    __lcnum_c_name                           0x0800448c   Data           2  lc_numeric_c.o(locale$$data)
    __lcnum_c_start                          0x08004494   Data           0  lc_numeric_c.o(locale$$data)
    __lcnum_c_point                          0x080044a0   Data           0  lc_numeric_c.o(locale$$data)
    __lcnum_c_thousands                      0x080044a2   Data           0  lc_numeric_c.o(locale$$data)
    __lcnum_c_grouping                       0x080044a3   Data           0  lc_numeric_c.o(locale$$data)
    __lcnum_c_end                            0x080044a4   Data           0  lc_numeric_c.o(locale$$data)
    [Anonymous Symbol]                       0x20000000   Section        0  main.o(.data..L_MergedGlobals)
    [Anonymous Symbol]                       0x20000020   Section        0  stm32l0xx_hal.o(.data..L_MergedGlobals)
    .bss                                     0x20000030   Section       96  libspace.o(.bss)
    [Anonymous Symbol]                       0x20000090   Section        0  main.o(.bss..L_MergedGlobals.10)
    HAL_GPIO_EXTI_Callback.last_press_time   0x20000094   Data           4  main.o(.bss..L_MergedGlobals.10)
    Heap_Mem                                 0x20000370   Data         512  startup_stm32l073xx.o(HEAP)
    HEAP                                     0x20000370   Section      512  startup_stm32l073xx.o(HEAP)
    Stack_Mem                                0x20000570   Data        1024  startup_stm32l073xx.o(STACK)
    STACK                                    0x20000570   Section     1024  startup_stm32l073xx.o(STACK)
    __initial_sp                             0x20000970   Data           0  startup_stm32l073xx.o(STACK)

    Global Symbols

    Symbol Name                              Value     Ov Type        Size  Object(Section)

    BuildAttributes$$THM_ISAv3M$S$PE$A:L22$X:L11$S22$IEEE1$IW$~IW$USESV6$~STKCKD$USESV7$~SHL$OTIME$ROPI$IEEEJ$EBA8$UX$STANDARDLIB$REQ8$PRES8$EABIv2 0x00000000   Number         0  anon$$obj.o ABSOLUTE
    __ARM_exceptions_init                     - Undefined Weak Reference
    __alloca_initialize                       - Undefined Weak Reference
    __arm_preinit_                            - Undefined Weak Reference
    __arm_relocate_pie_                       - Undefined Weak Reference
    __cpp_initialize__aeabi_                  - Undefined Weak Reference
    __cxa_finalize                            - Undefined Weak Reference
    __sigvec_lookup                           - Undefined Weak Reference
    _atexit_init                              - Undefined Weak Reference
    _call_atexit_fns                          - Undefined Weak Reference
    _clock_init                               - Undefined Weak Reference
    _fp_trap_init                             - Undefined Weak Reference
    _fp_trap_shutdown                         - Undefined Weak Reference
    _get_lc_collate                           - Undefined Weak Reference
    _get_lc_ctype                             - Undefined Weak Reference
    _get_lc_monetary                          - Undefined Weak Reference
    _get_lc_time                              - Undefined Weak Reference
    _getenv_init                              - Undefined Weak Reference
    _handle_redirection                       - Undefined Weak Reference
    _init_alloc                               - Undefined Weak Reference
    _init_user_alloc                          - Undefined Weak Reference
    _initio                                   - Undefined Weak Reference
    _printf_post_padding                      - Undefined Weak Reference
    _printf_pre_padding                       - Undefined Weak Reference
    _printf_truncate_signed                   - Undefined Weak Reference
    _printf_truncate_unsigned                 - Undefined Weak Reference
    _rand_init                                - Undefined Weak Reference
    _signal_finish                            - Undefined Weak Reference
    _signal_init                              - Undefined Weak Reference
    _terminate_alloc                          - Undefined Weak Reference
    _terminate_user_alloc                     - Undefined Weak Reference
    _terminateio                              - Undefined Weak Reference
    __Vectors_Size                           0x000000c0   Number         0  startup_stm32l073xx.o ABSOLUTE
    __Vectors                                0x08000000   Data           4  startup_stm32l073xx.o(RESET)
    __Vectors_End                            0x080000c0   Data           0  startup_stm32l073xx.o(RESET)
    __main                                   0x080000c1   Thumb Code     8  __main.o(!!!main)
    __scatterload                            0x080000c9   Thumb Code     0  __scatter.o(!!!scatter)
    __scatterload_rt2                        0x080000c9   Thumb Code    52  __scatter.o(!!!scatter)
    __scatterload_rt2_thumb_only             0x080000c9   Thumb Code     0  __scatter.o(!!!scatter)
    __scatterload_null                       0x080000d9   Thumb Code     0  __scatter.o(!!!scatter)
    __scatterload_copy                       0x08000105   Thumb Code    26  __scatter_copy.o(!!handler_copy)
    __scatterload_zeroinit                   0x08000121   Thumb Code    28  __scatter_zi.o(!!handler_zi)
    _printf_percent                          0x0800013d   Thumb Code     0  _printf_percent.o(.ARM.Collect$$_printf_percent$$00000000)
    _printf_f                                0x0800013f   Thumb Code     0  _printf_f.o(.ARM.Collect$$_printf_percent$$00000003)
    _printf_d                                0x08000149   Thumb Code     0  _printf_d.o(.ARM.Collect$$_printf_percent$$00000009)
    _printf_percent_end                      0x08000153   Thumb Code     0  _printf_percent_end.o(.ARM.Collect$$_printf_percent$$00000017)
    __rt_lib_init                            0x08000157   Thumb Code     0  libinit.o(.ARM.Collect$$libinit$$00000000)
    __rt_lib_init_fp_1                       0x08000159   Thumb Code     0  libinit2.o(.ARM.Collect$$libinit$$00000002)
    __rt_lib_init_heap_1                     0x08000159   Thumb Code     0  libinit2.o(.ARM.Collect$$libinit$$0000000C)
    __rt_lib_init_lc_common                  0x08000159   Thumb Code     0  libinit2.o(.ARM.Collect$$libinit$$00000011)
    __rt_lib_init_preinit_1                  0x08000159   Thumb Code     0  libinit2.o(.ARM.Collect$$libinit$$00000006)
    __rt_lib_init_rand_1                     0x08000159   Thumb Code     0  libinit2.o(.ARM.Collect$$libinit$$00000010)
    __rt_lib_init_relocate_pie_1             0x08000159   Thumb Code     0  libinit2.o(.ARM.Collect$$libinit$$00000004)
    __rt_lib_init_user_alloc_1               0x08000159   Thumb Code     0  libinit2.o(.ARM.Collect$$libinit$$0000000E)
    __rt_lib_init_lc_collate_1               0x0800015f   Thumb Code     0  libinit2.o(.ARM.Collect$$libinit$$00000013)
    __rt_lib_init_lc_ctype_1                 0x0800015f   Thumb Code     0  libinit2.o(.ARM.Collect$$libinit$$00000015)
    __rt_lib_init_lc_monetary_1              0x0800015f   Thumb Code     0  libinit2.o(.ARM.Collect$$libinit$$00000017)
    __rt_lib_init_lc_numeric_2               0x0800015f   Thumb Code     0  libinit2.o(.ARM.Collect$$libinit$$00000018)
    __rt_lib_init_alloca_1                   0x08000169   Thumb Code     0  libinit2.o(.ARM.Collect$$libinit$$00000030)
    __rt_lib_init_argv_1                     0x08000169   Thumb Code     0  libinit2.o(.ARM.Collect$$libinit$$0000002E)
    __rt_lib_init_atexit_1                   0x08000169   Thumb Code     0  libinit2.o(.ARM.Collect$$libinit$$0000001D)
    __rt_lib_init_clock_1                    0x08000169   Thumb Code     0  libinit2.o(.ARM.Collect$$libinit$$00000023)
    __rt_lib_init_cpp_1                      0x08000169   Thumb Code     0  libinit2.o(.ARM.Collect$$libinit$$00000034)
    __rt_lib_init_exceptions_1               0x08000169   Thumb Code     0  libinit2.o(.ARM.Collect$$libinit$$00000032)
    __rt_lib_init_fp_trap_1                  0x08000169   Thumb Code     0  libinit2.o(.ARM.Collect$$libinit$$00000021)
    __rt_lib_init_getenv_1                   0x08000169   Thumb Code     0  libinit2.o(.ARM.Collect$$libinit$$00000025)
    __rt_lib_init_lc_numeric_1               0x08000169   Thumb Code     0  libinit2.o(.ARM.Collect$$libinit$$00000019)
    __rt_lib_init_lc_time_1                  0x08000169   Thumb Code     0  libinit2.o(.ARM.Collect$$libinit$$0000001B)
    __rt_lib_init_return                     0x08000169   Thumb Code     0  libinit2.o(.ARM.Collect$$libinit$$00000035)
    __rt_lib_init_signal_1                   0x08000169   Thumb Code     0  libinit2.o(.ARM.Collect$$libinit$$0000001F)
    __rt_lib_init_stdio_1                    0x08000169   Thumb Code     0  libinit2.o(.ARM.Collect$$libinit$$00000027)
    __rt_lib_shutdown                        0x0800016b   Thumb Code     0  libshutdown.o(.ARM.Collect$$libshutdown$$00000000)
    __rt_lib_shutdown_cpp_1                  0x0800016d   Thumb Code     0  libshutdown2.o(.ARM.Collect$$libshutdown$$00000002)
    __rt_lib_shutdown_fp_trap_1              0x0800016d   Thumb Code     0  libshutdown2.o(.ARM.Collect$$libshutdown$$00000007)
    __rt_lib_shutdown_heap_1                 0x0800016d   Thumb Code     0  libshutdown2.o(.ARM.Collect$$libshutdown$$0000000F)
    __rt_lib_shutdown_return                 0x0800016d   Thumb Code     0  libshutdown2.o(.ARM.Collect$$libshutdown$$00000010)
    __rt_lib_shutdown_signal_1               0x0800016d   Thumb Code     0  libshutdown2.o(.ARM.Collect$$libshutdown$$0000000A)
    __rt_lib_shutdown_stdio_1                0x0800016d   Thumb Code     0  libshutdown2.o(.ARM.Collect$$libshutdown$$00000004)
    __rt_lib_shutdown_user_alloc_1           0x0800016d   Thumb Code     0  libshutdown2.o(.ARM.Collect$$libshutdown$$0000000C)
    __rt_entry                               0x0800016f   Thumb Code     0  __rtentry.o(.ARM.Collect$$rtentry$$00000000)
    __rt_entry_presh_1                       0x0800016f   Thumb Code     0  __rtentry2.o(.ARM.Collect$$rtentry$$00000002)
    __rt_entry_sh                            0x0800016f   Thumb Code     0  __rtentry4.o(.ARM.Collect$$rtentry$$00000004)
    __rt_entry_li                            0x08000175   Thumb Code     0  __rtentry2.o(.ARM.Collect$$rtentry$$0000000A)
    __rt_entry_postsh_1                      0x08000175   Thumb Code     0  __rtentry2.o(.ARM.Collect$$rtentry$$00000009)
    __rt_entry_main                          0x08000179   Thumb Code     0  __rtentry2.o(.ARM.Collect$$rtentry$$0000000D)
    __rt_entry_postli_1                      0x08000179   Thumb Code     0  __rtentry2.o(.ARM.Collect$$rtentry$$0000000C)
    __rt_exit                                0x08000181   Thumb Code     0  rtexit.o(.ARM.Collect$$rtexit$$00000000)
    __rt_exit_ls                             0x08000183   Thumb Code     0  rtexit2.o(.ARM.Collect$$rtexit$$00000003)
    __rt_exit_prels_1                        0x08000183   Thumb Code     0  rtexit2.o(.ARM.Collect$$rtexit$$00000002)
    __rt_exit_exit                           0x08000187   Thumb Code     0  rtexit2.o(.ARM.Collect$$rtexit$$00000004)
    Reset_Handler                            0x0800018d   Thumb Code     8  startup_stm32l073xx.o(.text)
    ADC1_COMP_IRQHandler                     0x0800019f   Thumb Code     0  startup_stm32l073xx.o(.text)
    DMA1_Channel1_IRQHandler                 0x0800019f   Thumb Code     0  startup_stm32l073xx.o(.text)
    DMA1_Channel2_3_IRQHandler               0x0800019f   Thumb Code     0  startup_stm32l073xx.o(.text)
    DMA1_Channel4_5_6_7_IRQHandler           0x0800019f   Thumb Code     0  startup_stm32l073xx.o(.text)
    EXTI0_1_IRQHandler                       0x0800019f   Thumb Code     0  startup_stm32l073xx.o(.text)
    EXTI2_3_IRQHandler                       0x0800019f   Thumb Code     0  startup_stm32l073xx.o(.text)
    FLASH_IRQHandler                         0x0800019f   Thumb Code     0  startup_stm32l073xx.o(.text)
    I2C1_IRQHandler                          0x0800019f   Thumb Code     0  startup_stm32l073xx.o(.text)
    I2C2_IRQHandler                          0x0800019f   Thumb Code     0  startup_stm32l073xx.o(.text)
    I2C3_IRQHandler                          0x0800019f   Thumb Code     0  startup_stm32l073xx.o(.text)
    LCD_IRQHandler                           0x0800019f   Thumb Code     0  startup_stm32l073xx.o(.text)
    LPTIM1_IRQHandler                        0x0800019f   Thumb Code     0  startup_stm32l073xx.o(.text)
    PVD_IRQHandler                           0x0800019f   Thumb Code     0  startup_stm32l073xx.o(.text)
    RCC_CRS_IRQHandler                       0x0800019f   Thumb Code     0  startup_stm32l073xx.o(.text)
    RNG_LPUART1_IRQHandler                   0x0800019f   Thumb Code     0  startup_stm32l073xx.o(.text)
    RTC_IRQHandler                           0x0800019f   Thumb Code     0  startup_stm32l073xx.o(.text)
    SPI1_IRQHandler                          0x0800019f   Thumb Code     0  startup_stm32l073xx.o(.text)
    SPI2_IRQHandler                          0x0800019f   Thumb Code     0  startup_stm32l073xx.o(.text)
    TIM21_IRQHandler                         0x0800019f   Thumb Code     0  startup_stm32l073xx.o(.text)
    TIM22_IRQHandler                         0x0800019f   Thumb Code     0  startup_stm32l073xx.o(.text)
    TIM2_IRQHandler                          0x0800019f   Thumb Code     0  startup_stm32l073xx.o(.text)
    TIM3_IRQHandler                          0x0800019f   Thumb Code     0  startup_stm32l073xx.o(.text)
    TIM6_DAC_IRQHandler                      0x0800019f   Thumb Code     0  startup_stm32l073xx.o(.text)
    TIM7_IRQHandler                          0x0800019f   Thumb Code     0  startup_stm32l073xx.o(.text)
    TSC_IRQHandler                           0x0800019f   Thumb Code     0  startup_stm32l073xx.o(.text)
    USART1_IRQHandler                        0x0800019f   Thumb Code     0  startup_stm32l073xx.o(.text)
    USART2_IRQHandler                        0x0800019f   Thumb Code     0  startup_stm32l073xx.o(.text)
    USART4_5_IRQHandler                      0x0800019f   Thumb Code     0  startup_stm32l073xx.o(.text)
    USB_IRQHandler                           0x0800019f   Thumb Code     0  startup_stm32l073xx.o(.text)
    WWDG_IRQHandler                          0x0800019f   Thumb Code     0  startup_stm32l073xx.o(.text)
    __user_initial_stackheap                 0x080001a1   Thumb Code     0  startup_stm32l073xx.o(.text)
    __aeabi_uldivmod                         0x080001c5   Thumb Code   272  lludiv.o(.text)
    _ll_udiv                                 0x080001c5   Thumb Code     0  lludiv.o(.text)
    __2sprintf                               0x080002d5   Thumb Code    36  noretval__2sprintf.o(.text)
    __printf                                 0x080002fd   Thumb Code   108  __printf.o(.text)
    _printf_int_dec                          0x08000369   Thumb Code    90  _printf_dec.o(.text)
    strlen                                   0x080003d5   Thumb Code    62  strlen.o(.text)
    _memset_w                                0x08000419   Thumb Code    26  rt_memclr.o(.text)
    _memset                                  0x08000433   Thumb Code    30  rt_memclr.o(.text)
    __aeabi_memclr                           0x08000451   Thumb Code     4  rt_memclr.o(.text)
    __rt_memclr                              0x08000451   Thumb Code     0  rt_memclr.o(.text)
    __aeabi_memclr4                          0x08000455   Thumb Code     0  rt_memclr.o(.text)
    __aeabi_memclr8                          0x08000455   Thumb Code     0  rt_memclr.o(.text)
    __rt_memclr_w                            0x08000455   Thumb Code     4  rt_memclr.o(.text)
    __aeabi_uidivmod                         0x08000459   Thumb Code    28  aeabi_sdivfast.o(.text)
    __aeabi_idivmod                          0x08000475   Thumb Code   472  aeabi_sdivfast.o(.text)
    __use_two_region_memory                  0x08000651   Thumb Code     2  heapauxi.o(.text)
    __rt_heap_escrow$2region                 0x08000653   Thumb Code     2  heapauxi.o(.text)
    __rt_heap_expand$2region                 0x08000655   Thumb Code     2  heapauxi.o(.text)
    __aeabi_d2f                              0x08000659   Thumb Code     0  d2f.o(.text)
    _d2f                                     0x08000659   Thumb Code   120  d2f.o(.text)
    __aeabi_dmul                             0x080006d5   Thumb Code     0  dmul.o(.text)
    _dmul                                    0x080006d5   Thumb Code   558  dmul.o(.text)
    __aeabi_f2d                              0x0800091d   Thumb Code     0  f2d.o(.text)
    _f2d                                     0x0800091d   Thumb Code    80  f2d.o(.text)
    __aeabi_fdiv                             0x08000971   Thumb Code     0  fdiv.o(.text)
    _fdiv                                    0x08000971   Thumb Code   334  fdiv.o(.text)
    _frdiv                                   0x08000abf   Thumb Code     8  fdiv.o(.text)
    __aeabi_f2iz                             0x08000ad1   Thumb Code     0  ffixi.o(.text)
    _ffix                                    0x08000ad1   Thumb Code    76  ffixi.o(.text)
    __aeabi_i2f_normalise                    0x08000b1d   Thumb Code    72  fflti.o(.text)
    __aeabi_i2f                              0x08000b65   Thumb Code    16  fflti.o(.text)
    _fflt                                    0x08000b65   Thumb Code     0  fflti.o(.text)
    __aeabi_ui2f                             0x08000b75   Thumb Code     6  fflti.o(.text)
    _ffltu                                   0x08000b75   Thumb Code     0  fflti.o(.text)
    _printf_int_common                       0x08000b7b   Thumb Code   176  _printf_intcommon.o(.text)
    _printf_fp_dec_real                      0x08000dc9   Thumb Code   620  _printf_fp_dec.o(.text)
    _printf_char_common                      0x0800104b   Thumb Code    32  _printf_char_common.o(.text)
    _sputc                                   0x08001071   Thumb Code    10  _sputc.o(.text)
    __rt_udiv10                              0x0800107b   Thumb Code    40  rtudiv10.o(.text)
    __rt_locale                              0x080010a5   Thumb Code     8  rt_locale_intlibspace.o(.text)
    _ll_udiv10                               0x080010ad   Thumb Code   122  lludiv10.o(.text)
    _printf_fp_infnan                        0x08001129   Thumb Code   120  _printf_fp_infnan.o(.text)
    _btod_etento                             0x080011b1   Thumb Code   210  bigflt0.o(.text)
    _btod_d2e                                0x08001289   Thumb Code    64  btod.o(.text)
    _btod_emul                               0x080016bd   Thumb Code    28  btod.o(.text)
    _btod_emuld                              0x080016d9   Thumb Code   144  btod.o(.text)
    _btod_ediv                               0x08001769   Thumb Code    26  btod.o(.text)
    _btod_edivd                              0x08001783   Thumb Code   124  btod.o(.text)
    __user_libspace                          0x08001809   Thumb Code     8  libspace.o(.text)
    __user_perproc_libspace                  0x08001809   Thumb Code     0  libspace.o(.text)
    __user_perthread_libspace                0x08001809   Thumb Code     0  libspace.o(.text)
    __user_setup_stackheap                   0x08001811   Thumb Code    62  sys_stackheap_outer.o(.text)
    exit                                     0x0800184f   Thumb Code    16  exit.o(.text)
    strcmp                                   0x08001861   Thumb Code   176  strcmpv6m.o(.text)
    _sys_exit                                0x08001911   Thumb Code     8  sys_exit.o(.text)
    __I$use$semihosting                      0x0800191d   Thumb Code     0  use_no_semi.o(.text)
    __use_no_semihosting_swi                 0x0800191d   Thumb Code     2  use_no_semi.o(.text)
    __semihosting_library_function           0x0800191f   Thumb Code     0  indicate_semi.o(.text)
    EXTI4_15_IRQHandler                      0x080019d5   Thumb Code    12  stm32l0xx_it.o(.text.EXTI4_15_IRQHandler)
    HAL_ADC_ConfigChannel                    0x080019e1   Thumb Code   252  stm32l0xx_hal_adc.o(.text.HAL_ADC_ConfigChannel)
    HAL_ADC_GetValue                         0x08001aed   Thumb Code     6  stm32l0xx_hal_adc.o(.text.HAL_ADC_GetValue)
    HAL_ADC_Init                             0x08001af5   Thumb Code   440  stm32l0xx_hal_adc.o(.text.HAL_ADC_Init)
    HAL_ADC_MspInit                          0x08001cb5   Thumb Code    72  stm32l0xx_hal_msp.o(.text.HAL_ADC_MspInit)
    HAL_ADC_PollForConversion                0x08001d05   Thumb Code   296  stm32l0xx_hal_adc.o(.text.HAL_ADC_PollForConversion)
    HAL_ADC_Start                            0x08001e2d   Thumb Code    84  stm32l0xx_hal_adc.o(.text.HAL_ADC_Start)
    HAL_Delay                                0x08001e85   Thumb Code    32  stm32l0xx_hal.o(.text.HAL_Delay)
    HAL_GPIO_EXTI_Callback                   0x08001ea5   Thumb Code    56  main.o(.text.HAL_GPIO_EXTI_Callback)
    HAL_GPIO_EXTI_IRQHandler                 0x08001ee5   Thumb Code    20  stm32l0xx_hal_gpio.o(.text.HAL_GPIO_EXTI_IRQHandler)
    HAL_GPIO_Init                            0x08001efd   Thumb Code   388  stm32l0xx_hal_gpio.o(.text.HAL_GPIO_Init)
    HAL_GPIO_WritePin                        0x0800208d   Thumb Code    16  stm32l0xx_hal_gpio.o(.text.HAL_GPIO_WritePin)
    HAL_GetTick                              0x0800209d   Thumb Code     8  stm32l0xx_hal.o(.text.HAL_GetTick)
    HAL_IncTick                              0x080020a5   Thumb Code    16  stm32l0xx_hal.o(.text.HAL_IncTick)
    HAL_Init                                 0x080020b9   Thumb Code    36  stm32l0xx_hal.o(.text.HAL_Init)
    HAL_InitTick                             0x080020e1   Thumb Code    60  stm32l0xx_hal.o(.text.HAL_InitTick)
    HAL_MspInit                              0x08002125   Thumb Code    20  stm32l0xx_hal_msp.o(.text.HAL_MspInit)
    HAL_NVIC_EnableIRQ                       0x0800213d   Thumb Code    20  stm32l0xx_hal_cortex.o(.text.HAL_NVIC_EnableIRQ)
    HAL_NVIC_SetPriority                     0x08002155   Thumb Code    48  stm32l0xx_hal_cortex.o(.text.HAL_NVIC_SetPriority)
    HAL_RCCEx_PeriphCLKConfig                0x0800218d   Thumb Code   564  stm32l0xx_hal_rcc_ex.o(.text.HAL_RCCEx_PeriphCLKConfig)
    HAL_RCC_ClockConfig                      0x080023c9   Thumb Code   536  stm32l0xx_hal_rcc.o(.text.HAL_RCC_ClockConfig)
    HAL_RCC_GetPCLK1Freq                     0x080025f1   Thumb Code    20  stm32l0xx_hal_rcc.o(.text.HAL_RCC_GetPCLK1Freq)
    HAL_RCC_GetPCLK2Freq                     0x08002605   Thumb Code    20  stm32l0xx_hal_rcc.o(.text.HAL_RCC_GetPCLK2Freq)
    HAL_RCC_GetSysClockFreq                  0x08002625   Thumb Code   100  stm32l0xx_hal_rcc.o(.text.HAL_RCC_GetSysClockFreq)
    HAL_RCC_OscConfig                        0x08002699   Thumb Code  1384  stm32l0xx_hal_rcc.o(.text.HAL_RCC_OscConfig)
    HAL_SYSTICK_Config                       0x08002c29   Thumb Code    40  stm32l0xx_hal_cortex.o(.text.HAL_SYSTICK_Config)
    HAL_UART_Init                            0x08002c5d   Thumb Code   106  stm32l0xx_hal_uart.o(.text.HAL_UART_Init)
    HAL_UART_MspInit                         0x08002cc9   Thumb Code    76  stm32l0xx_hal_msp.o(.text.HAL_UART_MspInit)
    HAL_UART_Transmit                        0x08002d1d   Thumb Code   212  stm32l0xx_hal_uart.o(.text.HAL_UART_Transmit)
    HardFault_Handler                        0x08002df5   Thumb Code     2  stm32l0xx_it.o(.text.HardFault_Handler)
    Lcd_clear                                0x08002df7   Thumb Code    10  lcd.o(.text.Lcd_clear)
    Lcd_create                               0x08002e01   Thumb Code    82  lcd.o(.text.Lcd_create)
    Lcd_cursor                               0x08002e55   Thumb Code    20  lcd.o(.text.Lcd_cursor)
    Lcd_int                                  0x08002e6d   Thumb Code    56  lcd.o(.text.Lcd_int)
    Lcd_string                               0x08002ea9   Thumb Code    44  lcd.o(.text.Lcd_string)
    NMI_Handler                              0x08002ed5   Thumb Code     2  stm32l0xx_it.o(.text.NMI_Handler)
    PendSV_Handler                           0x08002ed7   Thumb Code     2  stm32l0xx_it.o(.text.PendSV_Handler)
    SVC_Handler                              0x08002ed9   Thumb Code     2  stm32l0xx_it.o(.text.SVC_Handler)
    SysTick_Handler                          0x08002edb   Thumb Code     8  stm32l0xx_it.o(.text.SysTick_Handler)
    SystemInit                               0x08002ee3   Thumb Code     2  system_stm32l0xx.o(.text.SystemInit)
    UART_AdvFeatureConfig                    0x08002ee5   Thumb Code   210  stm32l0xx_hal_uart.o(.text.UART_AdvFeatureConfig)
    UART_CheckIdleState                      0x08002fb9   Thumb Code   192  stm32l0xx_hal_uart.o(.text.UART_CheckIdleState)
    UART_SetConfig                           0x0800307d   Thumb Code   492  stm32l0xx_hal_uart.o(.text.UART_SetConfig)
    UART_WaitOnFlagUntilTimeout              0x080032b1   Thumb Code   418  stm32l0xx_hal_uart.o(.text.UART_WaitOnFlagUntilTimeout)
    main                                     0x08003709   Thumb Code  1348  main.o(.text.main)
    vidurkis                                 0x08003c99   Thumb Code   392  main.o(.text.vidurkis)
    __aeabi_uidiv                            0x08003e69   Thumb Code    68  aeabi_sdivfast.o(.text_divfast)
    __aeabi_idiv                             0x08003ead   Thumb Code   434  aeabi_sdivfast.o(.text_divfast)
    __ARM_common_ll_muluu                    0x0800405f   Thumb Code    48  btod.o(i.__ARM_common_ll_muluu)
    __ARM_fpclassify                         0x08004091   Thumb Code    40  fpclassify.o(i.__ARM_fpclassify)
    _get_lc_numeric                          0x080040bd   Thumb Code    44  lc_numeric_c.o(locale$$code)
    __aeabi_fadd                             0x080040e9   Thumb Code     0  faddsub.o(x$fpl$fadd)
    _fadd                                    0x080040e9   Thumb Code   134  faddsub.o(x$fpl$fadd)
    __aeabi_fmul                             0x08004175   Thumb Code     0  fmul.o(x$fpl$fmul)
    _fmul                                    0x08004175   Thumb Code   172  fmul.o(x$fpl$fmul)
    __aeabi_fsub                             0x08004225   Thumb Code     0  faddsub.o(x$fpl$fsub)
    _fsub                                    0x08004225   Thumb Code   204  faddsub.o(x$fpl$fsub)
    _printf_fp_dec                           0x080042f5   Thumb Code    16  printf1.o(x$fpl$printf1)
    __I$use$fp                               0x08004304   Number         0  usenofp.o(x$fpl$usenofp)
    AHBPrescTable                            0x080043d8   Data          16  system_stm32l0xx.o(.rodata.AHBPrescTable)
    APBPrescTable                            0x080043e8   Data           8  system_stm32l0xx.o(.rodata.APBPrescTable)
    PLLMulTable                              0x080043f0   Data           9  system_stm32l0xx.o(.rodata.PLLMulTable)
    ROW_16                                   0x080043f9   Data           4  lcd.o(.rodata.ROW_16)
    Region$$Table$$Base                      0x08004468   Number         0  anon$$obj.o(Region$$Table)
    Region$$Table$$Limit                     0x08004488   Number         0  anon$$obj.o(Region$$Table)
    ValueR1                                  0x20000000   Data           4  main.o(.data..L_MergedGlobals)
    ValueR2                                  0x20000004   Data           4  main.o(.data..L_MergedGlobals)
    pins                                     0x20000008   Data           8  main.o(.data..L_MergedGlobals)
    ports                                    0x20000010   Data          16  main.o(.data..L_MergedGlobals)
    uwTickFreq                               0x20000020   Data           1  stm32l0xx_hal.o(.data..L_MergedGlobals)
    uwTickPrio                               0x20000024   Data           4  stm32l0xx_hal.o(.data..L_MergedGlobals)
    Status                                   0x20000028   Data           1  main.o(.data.Status)
    SystemCoreClock                          0x2000002c   Data           4  system_stm32l0xx.o(.data.SystemCoreClock)
    __libspace_start                         0x20000030   Data          96  libspace.o(.bss)
    __temporary_stack_top$libspace           0x20000090   Data           0  libspace.o(.bss)
    cnt                                      0x20000090   Data           4  main.o(.bss..L_MergedGlobals.10)
    raw                                      0x20000098   Data           4  main.o(.bss..L_MergedGlobals.10)
    Vin                                      0x2000009c   Data           4  main.o(.bss..L_MergedGlobals.10)
    Vin_t                                    0x200000a0   Data           4  main.o(.bss..L_MergedGlobals.10)
    g                                        0x200000a4   Data           4  main.o(.bss..L_MergedGlobals.10)
    V                                        0x200000a8   Data           4  main.o(.bss..L_MergedGlobals.10)
    raw1                                     0x200000ac   Data           4  main.o(.bss..L_MergedGlobals.10)
    Vin1                                     0x200000b0   Data           4  main.o(.bss..L_MergedGlobals.10)
    Vin_t1                                   0x200000b4   Data           4  main.o(.bss..L_MergedGlobals.10)
    g1                                       0x200000b8   Data           4  main.o(.bss..L_MergedGlobals.10)
    V1                                       0x200000bc   Data           4  main.o(.bss..L_MergedGlobals.10)
    raw2                                     0x200000c0   Data           4  main.o(.bss..L_MergedGlobals.10)
    Vin2                                     0x200000c4   Data           4  main.o(.bss..L_MergedGlobals.10)
    Vin_t2                                   0x200000c8   Data           4  main.o(.bss..L_MergedGlobals.10)
    g2                                       0x200000cc   Data           4  main.o(.bss..L_MergedGlobals.10)
    V2                                       0x200000d0   Data           4  main.o(.bss..L_MergedGlobals.10)
    vid                                      0x200000d4   Data           4  main.o(.bss..L_MergedGlobals.10)
    gv                                       0x200000d8   Data           4  main.o(.bss..L_MergedGlobals.10)
    Vg                                       0x200000dc   Data           4  main.o(.bss..L_MergedGlobals.10)
    lcd                                      0x200000e0   Data          24  main.o(.bss..L_MergedGlobals.10)
    hadc                                     0x200000f8   Data          92  main.o(.bss.hadc)
    huart2                                   0x20000154   Data         136  main.o(.bss.huart2)
    msg                                      0x200001dc   Data         100  main.o(.bss.msg)
    msg2                                     0x20000240   Data         100  main.o(.bss.msg2)
    msg3                                     0x200002a4   Data         100  main.o(.bss.msg3)
    msg4                                     0x20000308   Data         100  main.o(.bss.msg4)
    uwTick                                   0x2000036c   Data           4  stm32l0xx_hal.o(.bss.uwTick)



==============================================================================

Memory Map of the image

  Image Entry point : 0x080000c1

  Load Region LR_IROM1 (Base: 0x08000000, Size: 0x000044d8, Max: 0x00030000, ABSOLUTE)

    Execution Region ER_IROM1 (Exec base: 0x08000000, Load base: 0x08000000, Size: 0x000044a4, Max: 0x00030000, ABSOLUTE)

    Exec Addr    Load Addr    Size         Type   Attr      Idx    E Section Name        Object

    0x08000000   0x08000000   0x000000c0   Data   RO            3    RESET               startup_stm32l073xx.o
    0x080000c0   0x080000c0   0x00000008   Code   RO         1033  * !!!main             c_p.l(__main.o)
    0x080000c8   0x080000c8   0x0000003c   Code   RO         1284    !!!scatter          c_p.l(__scatter.o)
    0x08000104   0x08000104   0x0000001a   Code   RO         1286    !!handler_copy      c_p.l(__scatter_copy.o)
    0x0800011e   0x0800011e   0x00000002   PAD
    0x08000120   0x08000120   0x0000001c   Code   RO         1288    !!handler_zi        c_p.l(__scatter_zi.o)
    0x0800013c   0x0800013c   0x00000002   Code   RO         1018    .ARM.Collect$$_printf_percent$$00000000  c_p.l(_printf_percent.o)
    0x0800013e   0x0800013e   0x0000000a   Code   RO         1017    .ARM.Collect$$_printf_percent$$00000003  c_p.l(_printf_f.o)
    0x08000148   0x08000148   0x0000000a   Code   RO         1016    .ARM.Collect$$_printf_percent$$00000009  c_p.l(_printf_d.o)
    0x08000152   0x08000152   0x00000004   Code   RO         1077    .ARM.Collect$$_printf_percent$$00000017  c_p.l(_printf_percent_end.o)
    0x08000156   0x08000156   0x00000002   Code   RO         1146    .ARM.Collect$$libinit$$00000000  c_p.l(libinit.o)
    0x08000158   0x08000158   0x00000000   Code   RO         1148    .ARM.Collect$$libinit$$00000002  c_p.l(libinit2.o)
    0x08000158   0x08000158   0x00000000   Code   RO         1150    .ARM.Collect$$libinit$$00000004  c_p.l(libinit2.o)
    0x08000158   0x08000158   0x00000000   Code   RO         1152    .ARM.Collect$$libinit$$00000006  c_p.l(libinit2.o)
    0x08000158   0x08000158   0x00000000   Code   RO         1155    .ARM.Collect$$libinit$$0000000C  c_p.l(libinit2.o)
    0x08000158   0x08000158   0x00000000   Code   RO         1157    .ARM.Collect$$libinit$$0000000E  c_p.l(libinit2.o)
    0x08000158   0x08000158   0x00000000   Code   RO         1159    .ARM.Collect$$libinit$$00000010  c_p.l(libinit2.o)
    0x08000158   0x08000158   0x00000006   Code   RO         1160    .ARM.Collect$$libinit$$00000011  c_p.l(libinit2.o)
    0x0800015e   0x0800015e   0x00000000   Code   RO         1162    .ARM.Collect$$libinit$$00000013  c_p.l(libinit2.o)
    0x0800015e   0x0800015e   0x00000000   Code   RO         1164    .ARM.Collect$$libinit$$00000015  c_p.l(libinit2.o)
    0x0800015e   0x0800015e   0x00000000   Code   RO         1166    .ARM.Collect$$libinit$$00000017  c_p.l(libinit2.o)
    0x0800015e   0x0800015e   0x0000000a   Code   RO         1167    .ARM.Collect$$libinit$$00000018  c_p.l(libinit2.o)
    0x08000168   0x08000168   0x00000000   Code   RO         1168    .ARM.Collect$$libinit$$00000019  c_p.l(libinit2.o)
    0x08000168   0x08000168   0x00000000   Code   RO         1170    .ARM.Collect$$libinit$$0000001B  c_p.l(libinit2.o)
    0x08000168   0x08000168   0x00000000   Code   RO         1172    .ARM.Collect$$libinit$$0000001D  c_p.l(libinit2.o)
    0x08000168   0x08000168   0x00000000   Code   RO         1174    .ARM.Collect$$libinit$$0000001F  c_p.l(libinit2.o)
    0x08000168   0x08000168   0x00000000   Code   RO         1176    .ARM.Collect$$libinit$$00000021  c_p.l(libinit2.o)
    0x08000168   0x08000168   0x00000000   Code   RO         1178    .ARM.Collect$$libinit$$00000023  c_p.l(libinit2.o)
    0x08000168   0x08000168   0x00000000   Code   RO         1180    .ARM.Collect$$libinit$$00000025  c_p.l(libinit2.o)
    0x08000168   0x08000168   0x00000000   Code   RO         1182    .ARM.Collect$$libinit$$00000027  c_p.l(libinit2.o)
    0x08000168   0x08000168   0x00000000   Code   RO         1186    .ARM.Collect$$libinit$$0000002E  c_p.l(libinit2.o)
    0x08000168   0x08000168   0x00000000   Code   RO         1188    .ARM.Collect$$libinit$$00000030  c_p.l(libinit2.o)
    0x08000168   0x08000168   0x00000000   Code   RO         1190    .ARM.Collect$$libinit$$00000032  c_p.l(libinit2.o)
    0x08000168   0x08000168   0x00000000   Code   RO         1192    .ARM.Collect$$libinit$$00000034  c_p.l(libinit2.o)
    0x08000168   0x08000168   0x00000002   Code   RO         1193    .ARM.Collect$$libinit$$00000035  c_p.l(libinit2.o)
    0x0800016a   0x0800016a   0x00000002   Code   RO         1249    .ARM.Collect$$libshutdown$$00000000  c_p.l(libshutdown.o)
    0x0800016c   0x0800016c   0x00000000   Code   RO         1267    .ARM.Collect$$libshutdown$$00000002  c_p.l(libshutdown2.o)
    0x0800016c   0x0800016c   0x00000000   Code   RO         1269    .ARM.Collect$$libshutdown$$00000004  c_p.l(libshutdown2.o)
    0x0800016c   0x0800016c   0x00000000   Code   RO         1272    .ARM.Collect$$libshutdown$$00000007  c_p.l(libshutdown2.o)
    0x0800016c   0x0800016c   0x00000000   Code   RO         1275    .ARM.Collect$$libshutdown$$0000000A  c_p.l(libshutdown2.o)
    0x0800016c   0x0800016c   0x00000000   Code   RO         1277    .ARM.Collect$$libshutdown$$0000000C  c_p.l(libshutdown2.o)
    0x0800016c   0x0800016c   0x00000000   Code   RO         1280    .ARM.Collect$$libshutdown$$0000000F  c_p.l(libshutdown2.o)
    0x0800016c   0x0800016c   0x00000002   Code   RO         1281    .ARM.Collect$$libshutdown$$00000010  c_p.l(libshutdown2.o)
    0x0800016e   0x0800016e   0x00000000   Code   RO         1058    .ARM.Collect$$rtentry$$00000000  c_p.l(__rtentry.o)
    0x0800016e   0x0800016e   0x00000000   Code   RO         1082    .ARM.Collect$$rtentry$$00000002  c_p.l(__rtentry2.o)
    0x0800016e   0x0800016e   0x00000006   Code   RO         1094    .ARM.Collect$$rtentry$$00000004  c_p.l(__rtentry4.o)
    0x08000174   0x08000174   0x00000000   Code   RO         1084    .ARM.Collect$$rtentry$$00000009  c_p.l(__rtentry2.o)
    0x08000174   0x08000174   0x00000004   Code   RO         1085    .ARM.Collect$$rtentry$$0000000A  c_p.l(__rtentry2.o)
    0x08000178   0x08000178   0x00000000   Code   RO         1087    .ARM.Collect$$rtentry$$0000000C  c_p.l(__rtentry2.o)
    0x08000178   0x08000178   0x00000008   Code   RO         1088    .ARM.Collect$$rtentry$$0000000D  c_p.l(__rtentry2.o)
    0x08000180   0x08000180   0x00000002   Code   RO         1195    .ARM.Collect$$rtexit$$00000000  c_p.l(rtexit.o)
    0x08000182   0x08000182   0x00000000   Code   RO         1214    .ARM.Collect$$rtexit$$00000002  c_p.l(rtexit2.o)
    0x08000182   0x08000182   0x00000004   Code   RO         1215    .ARM.Collect$$rtexit$$00000003  c_p.l(rtexit2.o)
    0x08000186   0x08000186   0x00000006   Code   RO         1216    .ARM.Collect$$rtexit$$00000004  c_p.l(rtexit2.o)
    0x0800018c   0x0800018c   0x00000038   Code   RO            4    .text               startup_stm32l073xx.o
    0x080001c4   0x080001c4   0x00000110   Code   RO          986    .text               c_p.l(lludiv.o)
    0x080002d4   0x080002d4   0x00000028   Code   RO          990    .text               c_p.l(noretval__2sprintf.o)
    0x080002fc   0x080002fc   0x0000006c   Code   RO          992    .text               c_p.l(__printf.o)
    0x08000368   0x08000368   0x0000006c   Code   RO          994    .text               c_p.l(_printf_dec.o)
    0x080003d4   0x080003d4   0x00000044   Code   RO         1019    .text               c_p.l(strlen.o)
    0x08000418   0x08000418   0x00000040   Code   RO         1021    .text               c_p.l(rt_memclr.o)
    0x08000458   0x08000458   0x000001f8   Code   RO         1023    .text               c_p.l(aeabi_sdivfast.o)
    0x08000650   0x08000650   0x00000006   Code   RO         1031    .text               c_p.l(heapauxi.o)
    0x08000656   0x08000656   0x00000002   PAD
    0x08000658   0x08000658   0x0000007c   Code   RO         1035    .text               fz_ps.l(d2f.o)
    0x080006d4   0x080006d4   0x00000248   Code   RO         1037    .text               fz_ps.l(dmul.o)
    0x0800091c   0x0800091c   0x00000054   Code   RO         1039    .text               fz_ps.l(f2d.o)
    0x08000970   0x08000970   0x00000160   Code   RO         1047    .text               fz_ps.l(fdiv.o)
    0x08000ad0   0x08000ad0   0x0000004c   Code   RO         1050    .text               fz_ps.l(ffixi.o)
    0x08000b1c   0x08000b1c   0x0000005e   Code   RO         1052    .text               fz_ps.l(fflti.o)
    0x08000b7a   0x08000b7a   0x000000b0   Code   RO         1067    .text               c_p.l(_printf_intcommon.o)
    0x08000c2a   0x08000c2a   0x00000002   PAD
    0x08000c2c   0x08000c2c   0x00000414   Code   RO         1069    .text               c_p.l(_printf_fp_dec.o)
    0x08001040   0x08001040   0x00000030   Code   RO         1073    .text               c_p.l(_printf_char_common.o)
    0x08001070   0x08001070   0x0000000a   Code   RO         1075    .text               c_p.l(_sputc.o)
    0x0800107a   0x0800107a   0x00000028   Code   RO         1078    .text               c_p.l(rtudiv10.o)
    0x080010a2   0x080010a2   0x00000002   PAD
    0x080010a4   0x080010a4   0x00000008   Code   RO         1101    .text               c_p.l(rt_locale_intlibspace.o)
    0x080010ac   0x080010ac   0x0000007a   Code   RO         1103    .text               c_p.l(lludiv10.o)
    0x08001126   0x08001126   0x00000002   PAD
    0x08001128   0x08001128   0x00000088   Code   RO         1105    .text               c_p.l(_printf_fp_infnan.o)
    0x080011b0   0x080011b0   0x000000d8   Code   RO         1109    .text               c_p.l(bigflt0.o)
    0x08001288   0x08001288   0x00000580   Code   RO         1112    .text               c_p.l(btod.o)
    0x08001808   0x08001808   0x00000008   Code   RO         1125    .text               c_p.l(libspace.o)
    0x08001810   0x08001810   0x0000003e   Code   RO         1128    .text               c_p.l(sys_stackheap_outer.o)
    0x0800184e   0x0800184e   0x00000010   Code   RO         1133    .text               c_p.l(exit.o)
    0x0800185e   0x0800185e   0x00000002   PAD
    0x08001860   0x08001860   0x000000b0   Code   RO         1139    .text               c_p.l(strcmpv6m.o)
    0x08001910   0x08001910   0x0000000c   Code   RO         1209    .text               c_p.l(sys_exit.o)
    0x0800191c   0x0800191c   0x00000002   Code   RO         1236    .text               c_p.l(use_no_semi.o)
    0x0800191e   0x0800191e   0x00000000   Code   RO         1238    .text               c_p.l(indicate_semi.o)
    0x0800191e   0x0800191e   0x00000002   PAD
    0x08001920   0x08001920   0x000000b4   Code   RO          121    .text.ADC_Enable    stm32l0xx_hal_adc.o
    0x080019d4   0x080019d4   0x0000000c   Code   RO           84    .text.EXTI4_15_IRQHandler  stm32l0xx_it.o
    0x080019e0   0x080019e0   0x0000010c   Code   RO          155    .text.HAL_ADC_ConfigChannel  stm32l0xx_hal_adc.o
    0x08001aec   0x08001aec   0x00000006   Code   RO          143    .text.HAL_ADC_GetValue  stm32l0xx_hal_adc.o
    0x08001af2   0x08001af2   0x00000002   PAD
    0x08001af4   0x08001af4   0x000001c0   Code   RO          111    .text.HAL_ADC_Init  stm32l0xx_hal_adc.o
    0x08001cb4   0x08001cb4   0x00000050   Code   RO           95    .text.HAL_ADC_MspInit  stm32l0xx_hal_msp.o
    0x08001d04   0x08001d04   0x00000128   Code   RO          125    .text.HAL_ADC_PollForConversion  stm32l0xx_hal_adc.o
    0x08001e2c   0x08001e2c   0x00000058   Code   RO          119    .text.HAL_ADC_Start  stm32l0xx_hal_adc.o
    0x08001e84   0x08001e84   0x00000020   Code   RO          213    .text.HAL_Delay     stm32l0xx_hal.o
    0x08001ea4   0x08001ea4   0x00000040   Code   RO           39    .text.HAL_GPIO_EXTI_Callback  main.o
    0x08001ee4   0x08001ee4   0x00000018   Code   RO          628    .text.HAL_GPIO_EXTI_IRQHandler  stm32l0xx_hal_gpio.o
    0x08001efc   0x08001efc   0x00000190   Code   RO          616    .text.HAL_GPIO_Init  stm32l0xx_hal_gpio.o
    0x0800208c   0x0800208c   0x00000010   Code   RO          622    .text.HAL_GPIO_WritePin  stm32l0xx_hal_gpio.o
    0x0800209c   0x0800209c   0x00000008   Code   RO          205    .text.HAL_GetTick   stm32l0xx_hal.o
    0x080020a4   0x080020a4   0x00000014   Code   RO          203    .text.HAL_IncTick   stm32l0xx_hal.o
    0x080020b8   0x080020b8   0x00000028   Code   RO          193    .text.HAL_Init      stm32l0xx_hal.o
    0x080020e0   0x080020e0   0x00000044   Code   RO          195    .text.HAL_InitTick  stm32l0xx_hal.o
    0x08002124   0x08002124   0x00000018   Code   RO           93    .text.HAL_MspInit   stm32l0xx_hal_msp.o
    0x0800213c   0x0800213c   0x00000018   Code   RO          738    .text.HAL_NVIC_EnableIRQ  stm32l0xx_hal_cortex.o
    0x08002154   0x08002154   0x00000038   Code   RO          736    .text.HAL_NVIC_SetPriority  stm32l0xx_hal_cortex.o
    0x0800218c   0x0800218c   0x0000023c   Code   RO          473    .text.HAL_RCCEx_PeriphCLKConfig  stm32l0xx_hal_rcc_ex.o
    0x080023c8   0x080023c8   0x00000228   Code   RO          445    .text.HAL_RCC_ClockConfig  stm32l0xx_hal_rcc.o
    0x080025f0   0x080025f0   0x00000014   Code   RO          453    .text.HAL_RCC_GetPCLK1Freq  stm32l0xx_hal_rcc.o
    0x08002604   0x08002604   0x00000020   Code   RO          455    .text.HAL_RCC_GetPCLK2Freq  stm32l0xx_hal_rcc.o
    0x08002624   0x08002624   0x00000074   Code   RO          443    .text.HAL_RCC_GetSysClockFreq  stm32l0xx_hal_rcc.o
    0x08002698   0x08002698   0x00000590   Code   RO          441    .text.HAL_RCC_OscConfig  stm32l0xx_hal_rcc.o
    0x08002c28   0x08002c28   0x00000034   Code   RO          744    .text.HAL_SYSTICK_Config  stm32l0xx_hal_cortex.o
    0x08002c5c   0x08002c5c   0x0000006a   Code   RO          802    .text.HAL_UART_Init  stm32l0xx_hal_uart.o
    0x08002cc6   0x08002cc6   0x00000002   PAD
    0x08002cc8   0x08002cc8   0x00000054   Code   RO           99    .text.HAL_UART_MspInit  stm32l0xx_hal_msp.o
    0x08002d1c   0x08002d1c   0x000000d8   Code   RO          822    .text.HAL_UART_Transmit  stm32l0xx_hal_uart.o
    0x08002df4   0x08002df4   0x00000002   Code   RO           76    .text.HardFault_Handler  stm32l0xx_it.o
    0x08002df6   0x08002df6   0x0000000a   Code   RO           25    .text.Lcd_clear     lcd.o
    0x08002e00   0x08002e00   0x00000052   Code   RO           11    .text.Lcd_create    lcd.o
    0x08002e52   0x08002e52   0x00000002   PAD
    0x08002e54   0x08002e54   0x00000018   Code   RO           23    .text.Lcd_cursor    lcd.o
    0x08002e6c   0x08002e6c   0x0000003c   Code   RO           17    .text.Lcd_int       lcd.o
    0x08002ea8   0x08002ea8   0x0000002c   Code   RO           19    .text.Lcd_string    lcd.o
    0x08002ed4   0x08002ed4   0x00000002   Code   RO           74    .text.NMI_Handler   stm32l0xx_it.o
    0x08002ed6   0x08002ed6   0x00000002   Code   RO           80    .text.PendSV_Handler  stm32l0xx_it.o
    0x08002ed8   0x08002ed8   0x00000002   Code   RO           78    .text.SVC_Handler   stm32l0xx_it.o
    0x08002eda   0x08002eda   0x00000008   Code   RO           82    .text.SysTick_Handler  stm32l0xx_it.o
    0x08002ee2   0x08002ee2   0x00000002   Code   RO          969    .text.SystemInit    system_stm32l0xx.o
    0x08002ee4   0x08002ee4   0x000000d2   Code   RO          808    .text.UART_AdvFeatureConfig  stm32l0xx_hal_uart.o
    0x08002fb6   0x08002fb6   0x00000002   PAD
    0x08002fb8   0x08002fb8   0x000000c4   Code   RO          810    .text.UART_CheckIdleState  stm32l0xx_hal_uart.o
    0x0800307c   0x0800307c   0x00000234   Code   RO          806    .text.UART_SetConfig  stm32l0xx_hal_uart.o
    0x080032b0   0x080032b0   0x000001a2   Code   RO          824    .text.UART_WaitOnFlagUntilTimeout  stm32l0xx_hal_uart.o
    0x08003452   0x08003452   0x0000015a   Code   RO           15    .text.lcd_write_command  lcd.o
    0x080035ac   0x080035ac   0x0000015a   Code   RO           21    .text.lcd_write_data  lcd.o
    0x08003706   0x08003706   0x00000002   PAD
    0x08003708   0x08003708   0x00000590   Code   RO           49    .text.main          main.o
    0x08003c98   0x08003c98   0x000001d0   Code   RO           47    .text.vidurkis      main.o
    0x08003e68   0x08003e68   0x000001f6   Code   RO         1024    .text_divfast       c_p.l(aeabi_sdivfast.o)
    0x0800405e   0x0800405e   0x00000030   Code   RO         1114    i.__ARM_common_ll_muluu  c_p.l(btod.o)
    0x0800408e   0x0800408e   0x00000002   PAD
    0x08004090   0x08004090   0x0000002c   Code   RO         1123    i.__ARM_fpclassify  m_ps.l(fpclassify.o)
    0x080040bc   0x080040bc   0x0000002c   Code   RO         1119    locale$$code        c_p.l(lc_numeric_c.o)
    0x080040e8   0x080040e8   0x0000008c   Code   RO         1041    x$fpl$fadd          fz_ps.l(faddsub.o)
    0x08004174   0x08004174   0x000000b0   Code   RO         1054    x$fpl$fmul          fz_ps.l(fmul.o)
    0x08004224   0x08004224   0x000000d0   Code   RO         1043    x$fpl$fsub          fz_ps.l(faddsub.o)
    0x080042f4   0x080042f4   0x00000010   Code   RO         1056    x$fpl$printf1       fz_ps.l(printf1.o)
    0x08004304   0x08004304   0x00000000   Code   RO         1080    x$fpl$usenofp       fz_ps.l(usenofp.o)
    0x08004304   0x08004304   0x00000040   Data   RO         1048    .constdata          fz_ps.l(fdiv.o)
    0x08004344   0x08004344   0x00000094   Data   RO         1110    .constdata          c_p.l(bigflt0.o)
    0x080043d8   0x080043d8   0x00000010   Data   RO          974    .rodata.AHBPrescTable  system_stm32l0xx.o
    0x080043e8   0x080043e8   0x00000008   Data   RO          975    .rodata.APBPrescTable  system_stm32l0xx.o
    0x080043f0   0x080043f0   0x00000009   Data   RO          976    .rodata.PLLMulTable  system_stm32l0xx.o
    0x080043f9   0x080043f9   0x00000004   Data   RO           29    .rodata.ROW_16      lcd.o
    0x080043fd   0x080043fd   0x00000003   PAD
    0x08004400   0x08004400   0x00000010   Data   RO          928    .rodata.cst16       stm32l0xx_hal_uart.o
    0x08004410   0x08004410   0x00000055   Data   RO           56    .rodata.str1.1      main.o
    0x08004465   0x08004465   0x00000003   PAD
    0x08004468   0x08004468   0x00000020   Data   RO         1283    Region$$Table       anon$$obj.o
    0x08004488   0x08004488   0x0000001c   Data   RO         1118    locale$$data        c_p.l(lc_numeric_c.o)


    Execution Region RW_IRAM1 (Exec base: 0x20000000, Load base: 0x080044a8, Size: 0x00000970, Max: 0x00005000, ABSOLUTE)

    Exec Addr    Load Addr    Size         Type   Attr      Idx    E Section Name        Object

    0x20000000   0x080044a8   0x00000020   Data   RW           64    .data..L_MergedGlobals  main.o
    0x20000020   0x080044c8   0x00000008   Data   RW          256    .data..L_MergedGlobals  stm32l0xx_hal.o
    0x20000028   0x080044d0   0x00000001   Data   RW           55    .data.Status        main.o
    0x20000029   0x080044d1   0x00000003   PAD
    0x2000002c   0x080044d4   0x00000004   Data   RW          973    .data.SystemCoreClock  system_stm32l0xx.o
    0x20000030        -       0x00000060   Zero   RW         1126    .bss                c_p.l(libspace.o)
    0x20000090        -       0x00000068   Zero   RW           65    .bss..L_MergedGlobals.10  main.o
    0x200000f8        -       0x0000005c   Zero   RW           61    .bss.hadc           main.o
    0x20000154        -       0x00000088   Zero   RW           58    .bss.huart2         main.o
    0x200001dc        -       0x00000064   Zero   RW           57    .bss.msg            main.o
    0x20000240        -       0x00000064   Zero   RW           59    .bss.msg2           main.o
    0x200002a4        -       0x00000064   Zero   RW           60    .bss.msg3           main.o
    0x20000308        -       0x00000064   Zero   RW           62    .bss.msg4           main.o
    0x2000036c        -       0x00000004   Zero   RW          255    .bss.uwTick         stm32l0xx_hal.o
    0x20000370        -       0x00000200   Zero   RW            2    HEAP                startup_stm32l073xx.o
    0x20000570        -       0x00000400   Zero   RW            1    STACK               startup_stm32l073xx.o


==============================================================================

Image component sizes


      Code (inc. data)   RO Data    RW Data    ZI Data      Debug   Object Name

       912          8          4          0          0       6591   lcd.o
      1952        200         85         33        732      12089   main.o
        56         26        192          0       1536        620   startup_stm32l073xx.o
       168         16          0          8          4       6821   stm32l0xx_hal.o
      1286         32          0          0          0      14439   stm32l0xx_hal_adc.o
       132         24          0          0          0       6662   stm32l0xx_hal_cortex.o
       440         16          0          0          0       5153   stm32l0xx_hal_gpio.o
       188         20          0          0          0       6328   stm32l0xx_hal_msp.o
      2144        104          0          0          0       9673   stm32l0xx_hal_rcc.o
       572          8          0          0          0       8560   stm32l0xx_hal_rcc_ex.o
      1710        110         16          0          0      41423   stm32l0xx_hal_uart.o
        28          0          0          0          0        797   stm32l0xx_it.o
         2          0         33          4          0       2156   system_stm32l0xx.o

    ----------------------------------------------------------------------
      9600        564        368         48       2272     121312   Object Totals
         0          0         32          0          0          0   (incl. Generated)
        10          0          6          3          0          0   (incl. Padding)

    ----------------------------------------------------------------------

      Code (inc. data)   RO Data    RW Data    ZI Data      Debug   Library Member Name

         8          0          0          0          0         68   __main.o
       108          0          0          0          0         76   __printf.o
         0          0          0          0          0          0   __rtentry.o
        12          0          0          0          0          0   __rtentry2.o
         6          0          0          0          0          0   __rtentry4.o
        60          8          0          0          0          0   __scatter.o
        26          0          0          0          0          0   __scatter_copy.o
        28          0          0          0          0          0   __scatter_zi.o
        48          6          0          0          0         88   _printf_char_common.o
        10          0          0          0          0          0   _printf_d.o
       108         18          0          0          0         76   _printf_dec.o
        10          0          0          0          0          0   _printf_f.o
      1044         12          0          0          0        116   _printf_fp_dec.o
       136         16          0          0          0         76   _printf_fp_infnan.o
       176          0          0          0          0         84   _printf_intcommon.o
         2          0          0          0          0          0   _printf_percent.o
         4          0          0          0          0          0   _printf_percent_end.o
        10          0          0          0          0         60   _sputc.o
      1006          4          0          0          0        184   aeabi_sdivfast.o
       216          6        148          0          0         80   bigflt0.o
      1456         30          0          0          0        336   btod.o
        16          0          0          0          0         68   exit.o
         6          0          0          0          0        136   heapauxi.o
         0          0          0          0          0          0   indicate_semi.o
        44         10         28          0          0         76   lc_numeric_c.o
         2          0          0          0          0          0   libinit.o
        18          0          0          0          0          0   libinit2.o
         2          0          0          0          0          0   libshutdown.o
         2          0          0          0          0          0   libshutdown2.o
         8          4          0          0         96         68   libspace.o
       272          0          0          0          0         88   lludiv.o
       122          0          0          0          0         72   lludiv10.o
        40          4          0          0          0         84   noretval__2sprintf.o
         8          4          0          0          0         68   rt_locale_intlibspace.o
        64          0          0          0          0        108   rt_memclr.o
         2          0          0          0          0          0   rtexit.o
        10          0          0          0          0          0   rtexit2.o
        40          0          0          0          0         60   rtudiv10.o
       176          4          0          0          0         80   strcmpv6m.o
        68          6          0          0          0         72   strlen.o
        12          4          0          0          0         60   sys_exit.o
        62          0          0          0          0         80   sys_stackheap_outer.o
         2          0          0          0          0         68   use_no_semi.o
       124          4          0          0          0         72   d2f.o
       584         26          0          0          0         84   dmul.o
        84          4          0          0          0         60   f2d.o
       348          8          0          0          0        160   faddsub.o
       352         10         64          0          0         92   fdiv.o
        76          0          0          0          0         68   ffixi.o
        94          0          0          0          0         92   fflti.o
       176          4          0          0          0         80   fmul.o
        16          4          0          0          0         76   printf1.o
         0          0          0          0          0          0   usenofp.o
        44          4          0          0          0         60   fpclassify.o

    ----------------------------------------------------------------------
      7364        200        240          0         96       3276   Library Totals
        16          0          0          0          0          0   (incl. Padding)

    ----------------------------------------------------------------------

      Code (inc. data)   RO Data    RW Data    ZI Data      Debug   Library Name

      5450        136        176          0         96       2432   c_p.l
      1854         60         64          0          0        784   fz_ps.l
        44          4          0          0          0         60   m_ps.l

    ----------------------------------------------------------------------
      7364        200        240          0         96       3276   Library Totals

    ----------------------------------------------------------------------

==============================================================================


      Code (inc. data)   RO Data    RW Data    ZI Data      Debug   

     16964        764        608         48       2368     122796   Grand Totals
     16964        764        608         48       2368     122796   ELF Image Totals
     16964        764        608         48          0          0   ROM Totals

==============================================================================

    Total RO  Size (Code + RO Data)                17572 (  17.16kB)
    Total RW  Size (RW Data + ZI Data)              2416 (   2.36kB)
    Total ROM Size (Code + RO Data + RW Data)      17620 (  17.21kB)

==============================================================================

